<html>
<body>
<pre>
<h1>礦ision Build Log</h1>
<h2>Tool Versions:</h2>
IDE-Version: 礦ision V5.13.0.0
Copyright (C) 2014 ARM Ltd and ARM Germany GmbH. All rights reserved.
License Information: 11121989 TranHoai, Bkav, LIC=8VR9U-SKRES-M9QGG-VJA95-W8ZHL-4SFCK
 
Tool Versions:
Toolchain:       MDK-ARM Standard  Version: 5.13.0.0
Toolchain Path:  C:\Keil_v5\ARM\ARMCC\Bin
C Compiler:      Armcc.exe V5.05 update 1 (build 106)
Assembler:       Armasm.exe V5.05 update 1 (build 106)
Linker/Locator:  ArmLink.exe V5.05 update 1 (build 106)
Library Manager: ArmAr.exe V5.05 update 1 (build 106)
Hex Converter:   FromElf.exe V5.05 update 1 (build 106)
CPU DLL:         SARMCM3.DLL V5.13.0.0
Dialog DLL:      DARMCM1.DLL V1.12.0.0
Target DLL:      STLink\ST-LINKIII-KEIL_SWO.dll V2.0.14.0_KEIL
Dialog DLL:      TARMCM1.DLL V1.9.0.0
 
<h2>Project:</h2>
E:\2.Study\6.Embedded Systems\Practice\Project\Template\Wav_Player_STM32F072-master\Wav_Player_STM32F072-master\USER\Usart.uvprojx
Project File Date:  07/22/2016

<h2>Output:</h2>
Rebuild target 'Target 1'
compiling main.c...
compiling usart1.c...
compiling dac1.c...
compiling flash.c...
flash.c(153): warning:  #550-D: variable "data" was set but never used
        uint32_t address, EndAddr, data;
flash.c: 1 warning, 0 errors
compiling wav.c...
wav.c(182): warning:  #167-D: argument of type "uint8_t *" is incompatible with parameter of type "const char *"
        if(strcmp((*wavheader).riffheader.szRiffID, RIFF) != 0)         //检测RIFF标志
wav.c(189): warning:  #167-D: argument of type "uint8_t *" is incompatible with parameter of type "const char *"
        if(strcmp((*wavheader).riffheader.szRiffFormat, WAVE) != 0)     //检测WAVE标志
wav.c(196): warning:  #167-D: argument of type "uint8_t *" is incompatible with parameter of type "const char *"
        if(strcmp((*wavheader).pcmwaveformat.szFmtID, fmt) != 0)                //检测fmt标志
wav.c(203): warning:  #167-D: argument of type "uint8_t *" is incompatible with parameter of type "const char *"
        if(strcmp((*wavheader).datablack.szDataID, data) != 0)                  //检测data标志
wav.c: 4 warnings, 0 errors
compiling stm32f0xx_adc.c...
compiling stm32f0xx_cec.c...
compiling stm32f0xx_comp.c...
compiling stm32f0xx_crc.c...
compiling stm32f0xx_dac.c...
compiling stm32f0xx_dbgmcu.c...
compiling stm32f0xx_dma.c...
compiling stm32f0xx_exti.c...
compiling stm32f0xx_flash.c...
compiling stm32f0xx_gpio.c...
compiling stm32f0xx_i2c.c...
compiling stm32f0xx_iwdg.c...
compiling stm32f0xx_misc.c...
compiling stm32f0xx_pwr.c...
compiling stm32f0xx_rcc.c...
compiling stm32f0xx_rtc.c...
compiling stm32f0xx_spi.c...
compiling stm32f0xx_syscfg.c...
compiling stm32f0xx_tim.c...
compiling stm32f0xx_usart.c...
compiling stm32f0xx_wwdg.c...
compiling stm320518_eval.c...
assembling startup_stm32f072xb.s...
compiling system_stm32f0xx.c...
linking...
Program Size: Code=13072 RO-data=224 RW-data=72 ZI-data=1704  
FromELF: creating hex file...
".\Usart.axf" - 0 Error(s), 5 Warning(s).

<h2>Software Packages used:</h2>

Package Vendor: ARM
                http://www.keil.com/pack/ARM.CMSIS.4.2.0.pack
                ARM::CMSIS:CORE:3.40.0
                CMSIS (Cortex Microcontroller Software Interface Standard)
   * Component: CORE Version: 3.40.0

Package Vendor: Keil
                http://www.keil.com/pack/Keil.STM32F0xx_DFP.1.5.0.pack
                Keil::Device:Startup:2.2.3
                STMicroelectronics STM32F0 Series Device Support and Examples
   * Component: Startup Version: 2.2.3

<h2>Collection of Component include folders:</h2>
  E:\2.Study\6.Embedded Systems\Practice\Project\Template\Wav_Player_STM32F072-master\Wav_Player_STM32F072-master\USER\RTE
  C:\Keil_v5\ARM\PACK\ARM\CMSIS\4.2.0\CMSIS\Include
  C:\Keil_v5\ARM\PACK\Keil\STM32F0xx_DFP\1.5.0
  C:\Keil_v5\ARM\PACK\Keil\STM32F0xx_DFP\1.5.0\Device\Include

<h2>Collection of Component Files used:</h2>

   * Component: ARM::CMSIS:CORE:3.40.0
      Source file:   CMSIS\UserCodeTemplates\ARM\ITM_Retarget.c

   * Component: Keil::Device:Startup:2.2.3
      Source file:   Device\Source\ARM\startup_stm32f072xb.s
      Source file:   Device\Source\system_stm32f0xx.c
      Source file:   Device\Source\ARM\STM32F0xx_OPT.s
</pre>
</body>
</html>
