Component: ARM Compiler 5.05 update 1 (build 106) Tool: armlink [4d0efa]

==============================================================================

Section Cross References

    main.o(.text) refers to usart1.o(.text) for USART2_Init
    main.o(.text) refers to flash.o(.text) for Flash_Init
    main.o(.text) refers to wav.o(.text) for Wav_Config
    main.o(.text) refers to rt_memcpy.o(.emb_text) for __aeabi_memcpy4
    main.o(.text) refers to stm32f0xx_usart.o(.text) for USART_GetITStatus
    main.o(.text) refers to main.o(.data) for Usart2IRQBuffer
    usart1.o(.text) refers to stm32f0xx_rcc.o(.text) for RCC_AHBPeriphClockCmd
    usart1.o(.text) refers to stm32f0xx_gpio.o(.text) for GPIO_PinAFConfig
    usart1.o(.text) refers to stm32f0xx_usart.o(.text) for USART_Init
    usart1.o(.text) refers to stm32f0xx_misc.o(.text) for NVIC_Init
    dac1.o(.text) refers to stm32f0xx_rcc.o(.text) for RCC_APB1PeriphClockCmd
    dac1.o(.text) refers to stm32f0xx_tim.o(.text) for TIM_TimeBaseStructInit
    dac1.o(.text) refers to stm32f0xx_gpio.o(.text) for GPIO_Init
    dac1.o(.text) refers to stm32f0xx_dac.o(.text) for DAC_Init
    flash.o(.text) refers to _printf_percent.o(.ARM.Collect$$_printf_percent$$00000000) for _printf_percent
    flash.o(.text) refers to _printf_d.o(.ARM.Collect$$_printf_percent$$00000009) for _printf_d
    flash.o(.text) refers to _printf_dec.o(.text) for _printf_int_dec
    flash.o(.text) refers to stm32f0xx_flash.o(.text) for FLASH_Unlock
    flash.o(.text) refers to usart1.o(.text) for Serial_PutString
    flash.o(.text) refers to noretval__2sprintf.o(.text) for __2sprintf
    flash.o(.text) refers to flash.o(.data) for NbrOfPage
    wav.o(.text) refers to _printf_percent.o(.ARM.Collect$$_printf_percent$$00000000) for _printf_percent
    wav.o(.text) refers to _printf_d.o(.ARM.Collect$$_printf_percent$$00000009) for _printf_d
    wav.o(.text) refers to _printf_dec.o(.text) for _printf_int_dec
    wav.o(.text) refers to usart1.o(.text) for Serial_PutString
    wav.o(.text) refers to flash.o(.text) for Flash_Read_Choose_Wav_Info
    wav.o(.text) refers to noretval__2sprintf.o(.text) for __2sprintf
    wav.o(.text) refers to stm32f0xx_rcc.o(.text) for RCC_APB1PeriphClockCmd
    wav.o(.text) refers to stm32f0xx_tim.o(.text) for TIM_TimeBaseStructInit
    wav.o(.text) refers to aeabi_sdiv.o(.text) for __aeabi_uidivmod
    wav.o(.text) refers to stm32f0xx_misc.o(.text) for NVIC_Init
    wav.o(.text) refers to strcmp.o(.text) for strcmp
    wav.o(.text) refers to rt_memcpy.o(.emb_text) for __aeabi_memcpy4
    wav.o(.text) refers to dac1.o(.text) for DAC1_Init
    wav.o(.text) refers to stm32f0xx_dac.o(.text) for DAC_SetChannel1Data
    wav.o(.text) refers to wav.o(.bss) for Nowwavheader
    wav.o(.text) refers to wav.o(.data) for DataAddress
    stm32f0xx_adc.o(.text) refers to stm32f0xx_rcc.o(.text) for RCC_APB2PeriphResetCmd
    stm32f0xx_cec.o(.text) refers to stm32f0xx_rcc.o(.text) for RCC_APB1PeriphResetCmd
    stm32f0xx_dac.o(.text) refers to stm32f0xx_rcc.o(.text) for RCC_APB1PeriphResetCmd
    stm32f0xx_gpio.o(.text) refers to stm32f0xx_rcc.o(.text) for RCC_AHBPeriphResetCmd
    stm32f0xx_i2c.o(.text) refers to stm32f0xx_rcc.o(.text) for RCC_APB1PeriphResetCmd
    stm32f0xx_pwr.o(.text) refers to stm32f0xx_rcc.o(.text) for RCC_APB1PeriphResetCmd
    stm32f0xx_rcc.o(.text) refers to aeabi_sdiv.o(.text) for __aeabi_uidivmod
    stm32f0xx_rcc.o(.text) refers to stm32f0xx_rcc.o(.data) for APBAHBPrescTable
    stm32f0xx_spi.o(.text) refers to stm32f0xx_rcc.o(.text) for RCC_APB2PeriphResetCmd
    stm32f0xx_spi.o(.text) refers to aeabi_sdiv.o(.text) for __aeabi_uidivmod
    stm32f0xx_tim.o(.text) refers to stm32f0xx_rcc.o(.text) for RCC_APB2PeriphResetCmd
    stm32f0xx_usart.o(.text) refers to stm32f0xx_rcc.o(.text) for RCC_APB2PeriphResetCmd
    stm32f0xx_usart.o(.text) refers to aeabi_sdiv.o(.text) for __aeabi_uidivmod
    stm32f0xx_wwdg.o(.text) refers to stm32f0xx_rcc.o(.text) for RCC_APB1PeriphResetCmd
    stm320518_eval.o(.text) refers to stm32f0xx_rcc.o(.text) for RCC_AHBPeriphClockCmd
    stm320518_eval.o(.text) refers to stm32f0xx_gpio.o(.text) for GPIO_Init
    stm320518_eval.o(.text) refers to stm32f0xx_syscfg.o(.text) for SYSCFG_EXTILineConfig
    stm320518_eval.o(.text) refers to stm32f0xx_exti.o(.text) for EXTI_Init
    stm320518_eval.o(.text) refers to stm32f0xx_misc.o(.text) for NVIC_Init
    stm320518_eval.o(.text) refers to stm32f0xx_usart.o(.text) for USART_Init
    stm320518_eval.o(.text) refers to stm32f0xx_spi.o(.text) for SPI_Cmd
    stm320518_eval.o(.text) refers to stm32f0xx_i2c.o(.text) for I2C_Cmd
    stm320518_eval.o(.text) refers to stm320518_eval.o(.constdata) for GPIO_CLK
    stm320518_eval.o(.text) refers to stm320518_eval.o(.data) for GPIO_PORT
    startup_stm32f072xb.o(STACK) refers (Special) to heapauxi.o(.text) for __use_two_region_memory
[...]
    libinit.o(.ARM.Collect$$libinit$$00000000) refers (Special) to libinit2.o(.ARM.Collect$$libinit$$0000000A) for __rt_lib_init_heap_1
    libinit.o(.ARM.Collect$$libinit$$00000000) refers (Special) to libinit2.o(.ARM.Collect$$libinit$$00000011) for __rt_lib_init_lc_collate_1
    libinit.o(.ARM.Collect$$libinit$$00000000) refers (Special) to libinit2.o(.ARM.Collect$$libinit$$00000013) for __rt_lib_init_lc_ctype_1
    libinit.o(.ARM.Collect$$libinit$$00000000) refers (Special) to libinit2.o(.ARM.Collect$$libinit$$00000015) for __rt_lib_init_lc_monetary_1
    libinit.o(.ARM.Collect$$libinit$$00000000) refers (Special) to libinit2.o(.ARM.Collect$$libinit$$00000017) for __rt_lib_init_lc_numeric_1
    libinit.o(.ARM.Collect$$libinit$$00000000) refers (Special) to libinit2.o(.ARM.Collect$$libinit$$00000019) for __rt_lib_init_lc_time_1
    libinit.o(.ARM.Collect$$libinit$$00000000) refers (Special) to libinit2.o(.ARM.Collect$$libinit$$00000004) for __rt_lib_init_preinit_1
    libinit.o(.ARM.Collect$$libinit$$00000000) refers (Special) to libinit2.o(.ARM.Collect$$libinit$$0000000E) for __rt_lib_init_rand_1
    libinit.o(.ARM.Collect$$libinit$$00000000) refers (Special) to libinit2.o(.ARM.Collect$$libinit$$00000033) for __rt_lib_init_return
    libinit.o(.ARM.Collect$$libinit$$00000000) refers (Special) to libinit2.o(.ARM.Collect$$libinit$$0000001D) for __rt_lib_init_signal_1
    libinit.o(.ARM.Collect$$libinit$$00000000) refers (Special) to libinit2.o(.ARM.Collect$$libinit$$00000025) for __rt_lib_init_stdio_1
    libinit.o(.ARM.Collect$$libinit$$00000000) refers (Special) to libinit2.o(.ARM.Collect$$libinit$$0000000C) for __rt_lib_init_user_alloc_1
    libspace.o(.text) refers to libspace.o(.bss) for __libspace_start
    rtexit.o(.ARM.Collect$$rtexit$$00000000) refers (Special) to rtexit2.o(.ARM.Collect$$rtexit$$00000004) for __rt_exit_exit
    rtexit.o(.ARM.Collect$$rtexit$$00000000) refers (Special) to rtexit2.o(.ARM.Collect$$rtexit$$00000003) for __rt_exit_ls
    rtexit.o(.ARM.Collect$$rtexit$$00000000) refers (Special) to rtexit2.o(.ARM.Collect$$rtexit$$00000002) for __rt_exit_prels_1
    rtexit.o(.ARM.exidx) refers (Special) to rtexit2.o(.ARM.Collect$$rtexit$$00000004) for __rt_exit_exit
    rtexit.o(.ARM.exidx) refers (Special) to rtexit2.o(.ARM.Collect$$rtexit$$00000003) for __rt_exit_ls
    rtexit.o(.ARM.exidx) refers (Special) to rtexit2.o(.ARM.Collect$$rtexit$$00000002) for __rt_exit_prels_1
    rtexit.o(.ARM.exidx) refers to rtexit.o(.ARM.Collect$$rtexit$$00000000) for .ARM.Collect$$rtexit$$00000000
    rt_raise.o(.text) refers to __raise.o(.text) for __raise
    rt_raise.o(.text) refers to sys_exit.o(.text) for _sys_exit
    defsig_exit.o(.text) refers to sys_exit.o(.text) for _sys_exit
    defsig_fpe_inner.o(.text) refers to defsig_general.o(.text) for __default_signal_display
    libinit2.o(.ARM.Collect$$libinit$$00000010) refers to libinit2.o(.ARM.Collect$$libinit$$0000000F) for .ARM.Collect$$libinit$$0000000F
    libinit2.o(.ARM.Collect$$libinit$$00000012) refers to libinit2.o(.ARM.Collect$$libinit$$0000000F) for .ARM.Collect$$libinit$$0000000F
    libinit2.o(.ARM.Collect$$libinit$$00000014) refers to libinit2.o(.ARM.Collect$$libinit$$0000000F) for .ARM.Collect$$libinit$$0000000F
    libinit2.o(.ARM.Collect$$libinit$$00000016) refers to libinit2.o(.ARM.Collect$$libinit$$0000000F) for .ARM.Collect$$libinit$$0000000F
    libinit2.o(.ARM.Collect$$libinit$$00000018) refers to libinit2.o(.ARM.Collect$$libinit$$0000000F) for .ARM.Collect$$libinit$$0000000F
    libinit2.o(.ARM.Collect$$libinit$$00000026) refers to argv_veneer.o(.text) for __ARM_argv_veneer
    libinit2.o(.ARM.Collect$$libinit$$00000027) refers to argv_veneer.o(.text) for __ARM_argv_veneer
    sys_exit.o(.text) refers (Special) to use_no_semi.o(.text) for __I$use$semihosting
    sys_exit.o(.text) refers (Special) to indicate_semi.o(.text) for __semihosting_library_function
    rtexit2.o(.ARM.Collect$$rtexit$$00000003) refers to libshutdown.o(.ARM.Collect$$libshutdown$$00000000) for __rt_lib_shutdown
    rtexit2.o(.ARM.Collect$$rtexit$$00000004) refers to sys_exit.o(.text) for _sys_exit
    rtexit2.o(.ARM.exidx) refers to rtexit2.o(.ARM.Collect$$rtexit$$00000001) for .ARM.Collect$$rtexit$$00000001
    rtexit2.o(.ARM.exidx) refers to rtexit2.o(.ARM.Collect$$rtexit$$00000003) for .ARM.Collect$$rtexit$$00000003
    rtexit2.o(.ARM.exidx) refers to rtexit2.o(.ARM.Collect$$rtexit$$00000004) for .ARM.Collect$$rtexit$$00000004
    __raise.o(.text) refers to defsig.o(CL$$defsig) for __default_signal_handler
    defsig_general.o(.text) refers to sys_wrch.o(.text) for _ttywrch
    sys_wrch.o(.text) refers (Special) to use_no_semi.o(.text) for __I$use$semihosting
    sys_wrch.o(.text) refers (Special) to indicate_semi.o(.text) for __semihosting_library_function
    defsig.o(CL$$defsig) refers to defsig_fpe_inner.o(.text) for __rt_SIGFPE_inner
    defsig.o(CL$$defsig) refers to defsig_rtmem_inner.o(.text) for __rt_SIGRTMEM_inner
    _get_argv_nomalloc.o(.text) refers (Special) to hrguard.o(.text) for __heap_region$guard
    _get_argv_nomalloc.o(.text) refers to defsig_rtmem_outer.o(.text) for __rt_SIGRTMEM
    _get_argv_nomalloc.o(.text) refers to sys_command.o(.text) for _sys_command_string
    libshutdown.o(.ARM.Collect$$libshutdown$$00000000) refers (Special) to libshutdown2.o(.ARM.Collect$$libshutdown$$00000006) for __rt_lib_shutdown_fp_trap_1
    libshutdown.o(.ARM.Collect$$libshutdown$$00000000) refers (Special) to libshutdown2.o(.ARM.Collect$$libshutdown$$0000000E) for __rt_lib_shutdown_heap_1
    libshutdown.o(.ARM.Collect$$libshutdown$$00000000) refers (Special) to libshutdown2.o(.ARM.Collect$$libshutdown$$0000000F) for __rt_lib_shutdown_return
    libshutdown.o(.ARM.Collect$$libshutdown$$00000000) refers (Special) to libshutdown2.o(.ARM.Collect$$libshutdown$$00000009) for __rt_lib_shutdown_signal_1
    libshutdown.o(.ARM.Collect$$libshutdown$$00000000) refers (Special) to libshutdown2.o(.ARM.Collect$$libshutdown$$00000003) for __rt_lib_shutdown_stdio_1
    libshutdown.o(.ARM.Collect$$libshutdown$$00000000) refers (Special) to libshutdown2.o(.ARM.Collect$$libshutdown$$0000000B) for __rt_lib_shutdown_user_alloc_1
    sys_command.o(.text) refers (Special) to use_no_semi.o(.text) for __I$use$semihosting
    sys_command.o(.text) refers (Special) to indicate_semi.o(.text) for __semihosting_library_function
    defsig_abrt_inner.o(.text) refers to defsig_general.o(.text) for __default_signal_display
    defsig_rtred_inner.o(.text) refers to defsig_general.o(.text) for __default_signal_display
    defsig_rtmem_inner.o(.text) refers to defsig_general.o(.text) for __default_signal_display
    defsig_rtmem_outer.o(.text) refers to defsig_rtmem_inner.o(.text) for __rt_SIGRTMEM_inner
    defsig_rtmem_outer.o(.text) refers to defsig_exit.o(.text) for __sig_exit
    defsig_rtmem_formal.o(.text) refers to rt_raise.o(.text) for __rt_raise
    defsig_stak_inner.o(.text) refers to defsig_general.o(.text) for __default_signal_display
    defsig_pvfn_inner.o(.text) refers to defsig_general.o(.text) for __default_signal_display
    defsig_cppl_inner.o(.text) refers to defsig_general.o(.text) for __default_signal_display
    defsig_segv_inner.o(.text) refers to defsig_general.o(.text) for __default_signal_display
    defsig_other.o(.text) refers to defsig_general.o(.text) for __default_signal_display


==============================================================================

Removing Unused input sections from the image.

    Removing main.o(.emb_text), (8 bytes).
    Removing usart1.o(.emb_text), (8 bytes).
    Removing dac1.o(.emb_text), (8 bytes).
    Removing flash.o(.emb_text), (8 bytes).
    Removing flash.o(.bss), (40 bytes).
    Removing wav.o(.emb_text), (8 bytes).
    Removing stm32f0xx_adc.o(.emb_text), (8 bytes).
    Removing stm32f0xx_adc.o(.text), (744 bytes).
    Removing stm32f0xx_cec.o(.emb_text), (8 bytes).
    Removing stm32f0xx_cec.o(.text), (336 bytes).
    Removing stm32f0xx_comp.o(.emb_text), (8 bytes).
    Removing stm32f0xx_comp.o(.text), (232 bytes).
    Removing stm32f0xx_crc.o(.emb_text), (8 bytes).
    Removing stm32f0xx_crc.o(.text), (160 bytes).
    Removing stm32f0xx_dac.o(.emb_text), (8 bytes).
    Removing stm32f0xx_dbgmcu.o(.emb_text), (8 bytes).
    Removing stm32f0xx_dbgmcu.o(.text), (108 bytes).
    Removing stm32f0xx_dma.o(.emb_text), (8 bytes).
    Removing stm32f0xx_dma.o(.text), (368 bytes).
    Removing stm32f0xx_exti.o(.emb_text), (8 bytes).
    Removing stm32f0xx_exti.o(.text), (264 bytes).
    Removing stm32f0xx_flash.o(.emb_text), (8 bytes).
    Removing stm32f0xx_gpio.o(.emb_text), (8 bytes).
    Removing stm32f0xx_i2c.o(.emb_text), (8 bytes).
    Removing stm32f0xx_i2c.o(.text), (1182 bytes).
    Removing stm32f0xx_iwdg.o(.emb_text), (8 bytes).
    Removing stm32f0xx_iwdg.o(.text), (76 bytes).
    Removing stm32f0xx_misc.o(.emb_text), (8 bytes).
    Removing stm32f0xx_pwr.o(.emb_text), (8 bytes).
    Removing stm32f0xx_pwr.o(.text), (316 bytes).
    Removing stm32f0xx_rcc.o(.emb_text), (8 bytes).
    Removing stm32f0xx_rtc.o(.emb_text), (8 bytes).
    Removing stm32f0xx_rtc.o(.text), (2956 bytes).
    Removing stm32f0xx_spi.o(.emb_text), (8 bytes).
    Removing stm32f0xx_spi.o(.text), (956 bytes).
    Removing stm32f0xx_syscfg.o(.emb_text), (8 bytes).
    Removing stm32f0xx_syscfg.o(.text), (240 bytes).
    Removing stm32f0xx_tim.o(.emb_text), (8 bytes).
    Removing stm32f0xx_usart.o(.emb_text), (8 bytes).
    Removing stm32f0xx_wwdg.o(.emb_text), (8 bytes).
    Removing stm32f0xx_wwdg.o(.text), (148 bytes).
    Removing stm320518_eval.o(.emb_text), (8 bytes).
    Removing stm320518_eval.o(.text), (1240 bytes).
    Removing stm320518_eval.o(.constdata), (148 bytes).
    Removing stm320518_eval.o(.data), (56 bytes).
    Removing system_stm32f0xx.o(.emb_text), (8 bytes).

46 unused section(s) (total 9794 bytes) removed from the image.

==============================================================================

Image Symbol Table

    Local Symbols

    Symbol Name                              Value     Ov Type        Size  Object(Section)

    ../clib/angel/boardlib.s                 0x00000000   Number         0  boardshut.o ABSOLUTE
    ../clib/angel/boardlib.s                 0x00000000   Number         0  boardinit1.o ABSOLUTE
    ../clib/angel/boardlib.s                 0x00000000   Number         0  boardinit2.o ABSOLUTE
    ../clib/angel/boardlib.s                 0x00000000   Number         0  boardinit3.o ABSOLUTE
    ../clib/angel/handlers.s                 0x00000000   Number         0  __scatter_copy.o ABSOLUTE
    ../clib/angel/handlers.s                 0x00000000   Number         0  __scatter_zi.o ABSOLUTE
    ../clib/angel/kernel.s                   0x00000000   Number         0  __rtentry.o ABSOLUTE
    ../clib/angel/kernel.s                   0x00000000   Number         0  rtexit.o ABSOLUTE
    ../clib/angel/kernel.s                   0x00000000   Number         0  __rtentry4.o ABSOLUTE
    ../clib/angel/kernel.s                   0x00000000   Number         0  rtexit2.o ABSOLUTE
    ../clib/angel/kernel.s                   0x00000000   Number         0  __rtentry2.o ABSOLUTE
    ../clib/angel/rt.s                       0x00000000   Number         0  aeabi_idiv0.o ABSOLUTE
    ../clib/angel/rt.s                       0x00000000   Number         0  aeabi_idiv0_sigfpe.o ABSOLUTE
    ../clib/angel/rt.s                       0x00000000   Number         0  rt_raise.o ABSOLUTE
    ../clib/angel/rt.s                       0x00000000   Number         0  rt_div0.o ABSOLUTE
    ../clib/angel/scatterp.s                 0x00000000   Number         0  __scatter.o ABSOLUTE
    ../clib/angel/startup.s                  0x00000000   Number         0  __main.o ABSOLUTE
    ../clib/angel/sys.s                      0x00000000   Number         0  indicate_semi.o ABSOLUTE
    ../clib/angel/sys.s                      0x00000000   Number         0  use_no_semi.o ABSOLUTE
    ../clib/angel/sys.s                      0x00000000   Number         0  sys_stackheap_outer.o ABSOLUTE
    ../clib/angel/sys.s                      0x00000000   Number         0  libspace.o ABSOLUTE
    ../clib/angel/sys.s                      0x00000000   Number         0  tempstk.o ABSOLUTE
    ../clib/angel/sysapp.c                   0x00000000   Number         0  sys_wrch.o ABSOLUTE
    ../clib/angel/sysapp.c                   0x00000000   Number         0  sys_command.o ABSOLUTE
    ../clib/angel/sysapp.c                   0x00000000   Number         0  sys_exit.o ABSOLUTE
    ../clib/armsys.c                         0x00000000   Number         0  no_argv.o ABSOLUTE
    ../clib/armsys.c                         0x00000000   Number         0  _get_argv_nomalloc.o ABSOLUTE
    ../clib/armsys.c                         0x00000000   Number         0  argv_veneer.o ABSOLUTE
    ../clib/division.c                       0x00000000   Number         0  rtudiv10.o ABSOLUTE
    ../clib/division.s                       0x00000000   Number         0  aeabi_sdiv_div0.o ABSOLUTE
    ../clib/division.s                       0x00000000   Number         0  aeabi_sdiv.o ABSOLUTE
    ../clib/heapalloc.c                      0x00000000   Number         0  hrguard.o ABSOLUTE
    ../clib/heapaux.c                        0x00000000   Number         0  heapauxi.o ABSOLUTE
    ../clib/libinit.s                        0x00000000   Number         0  libshutdown.o ABSOLUTE
    ../clib/libinit.s                        0x00000000   Number         0  libinit2.o ABSOLUTE
    ../clib/libinit.s                        0x00000000   Number         0  libinit.o ABSOLUTE
    ../clib/libinit.s                        0x00000000   Number         0  libshutdown2.o ABSOLUTE
    ../clib/memcpset.c                       0x00000000   Number         0  rt_memcpy.o ABSOLUTE
    ../clib/memcpset.c                       0x00000000   Number         0  rt_memcpy.o ABSOLUTE
    ../clib/printf.c                         0x00000000   Number         0  _printf_char_common.o ABSOLUTE
    ../clib/printf.c                         0x00000000   Number         0  __printf_wp.o ABSOLUTE
    ../clib/printf.c                         0x00000000   Number         0  __printf_nopercent.o ABSOLUTE
    ../clib/printf.c                         0x00000000   Number         0  __2sprintf.o ABSOLUTE
    ../clib/printf.c                         0x00000000   Number         0  noretval__2sprintf.o ABSOLUTE
    ../clib/printf.c                         0x00000000   Number         0  __printf.o ABSOLUTE
    ../clib/printf.c                         0x00000000   Number         0  _sputc.o ABSOLUTE
    ../clib/printf.c                         0x00000000   Number         0  _printf_dec.o ABSOLUTE
    ../clib/printf.c                         0x00000000   Number         0  __printf_flags.o ABSOLUTE
    ../clib/printf.c                         0x00000000   Number         0  __printf_ss.o ABSOLUTE
    ../clib/printf.c                         0x00000000   Number         0  __printf_flags_ss.o ABSOLUTE
    ../clib/printf.c                         0x00000000   Number         0  __printf_flags_wp.o ABSOLUTE
    ../clib/printf.c                         0x00000000   Number         0  __printf_ss_wp.o ABSOLUTE
    ../clib/printf.c                         0x00000000   Number         0  __printf_flags_ss_wp.o ABSOLUTE
    ../clib/printf.c                         0x00000000   Number         0  _printf_intcommon.o ABSOLUTE
    ../clib/printf_percent.s                 0x00000000   Number         0  _printf_percent_end.o ABSOLUTE
    ../clib/printf_percent.s                 0x00000000   Number         0  _printf_percent.o ABSOLUTE
    ../clib/printf_percent.s                 0x00000000   Number         0  _printf_d.o ABSOLUTE
    ../clib/signal.c                         0x00000000   Number         0  defsig_general.o ABSOLUTE
    ../clib/signal.c                         0x00000000   Number         0  defsig_rtmem_formal.o ABSOLUTE
    ../clib/signal.c                         0x00000000   Number         0  defsig_pvfn_inner.o ABSOLUTE
    ../clib/signal.c                         0x00000000   Number         0  __raise.o ABSOLUTE
    ../clib/signal.c                         0x00000000   Number         0  defsig_rtmem_outer.o ABSOLUTE
    ../clib/signal.c                         0x00000000   Number         0  defsig_rtmem_inner.o ABSOLUTE
    ../clib/signal.c                         0x00000000   Number         0  defsig_rtred_inner.o ABSOLUTE
    ../clib/signal.c                         0x00000000   Number         0  defsig_abrt_inner.o ABSOLUTE
    ../clib/signal.c                         0x00000000   Number         0  defsig_stak_inner.o ABSOLUTE
    ../clib/signal.c                         0x00000000   Number         0  defsig_exit.o ABSOLUTE
    ../clib/signal.c                         0x00000000   Number         0  defsig_fpe_formal.o ABSOLUTE
    ../clib/signal.c                         0x00000000   Number         0  defsig_fpe_outer.o ABSOLUTE
    ../clib/signal.c                         0x00000000   Number         0  defsig_fpe_inner.o ABSOLUTE
    ../clib/signal.c                         0x00000000   Number         0  defsig_cppl_inner.o ABSOLUTE
    ../clib/signal.c                         0x00000000   Number         0  defsig_segv_inner.o ABSOLUTE
    ../clib/signal.c                         0x00000000   Number         0  defsig_other.o ABSOLUTE
    ../clib/signal.s                         0x00000000   Number         0  defsig.o ABSOLUTE
    ../clib/stdlib.c                         0x00000000   Number         0  exit.o ABSOLUTE
    ../clib/string.c                         0x00000000   Number         0  strcmp.o ABSOLUTE
    ../fplib/cfplib/fpinit.c                 0x00000000   Number         0  fpinit.o ABSOLUTE
    ..\SYTSTEM\Libraries\STM32F0xx_StdPeriph_Driver\src\stm32f0xx_adc.c 0x00000000   Number         0  stm32f0xx_adc.o ABSOLUTE
    ..\SYTSTEM\Libraries\STM32F0xx_StdPeriph_Driver\src\stm32f0xx_cec.c 0x00000000   Number         0  stm32f0xx_cec.o ABSOLUTE
    ..\SYTSTEM\Libraries\STM32F0xx_StdPeriph_Driver\src\stm32f0xx_comp.c 0x00000000   Number         0  stm32f0xx_comp.o ABSOLUTE
    ..\SYTSTEM\Libraries\STM32F0xx_StdPeriph_Driver\src\stm32f0xx_crc.c 0x00000000   Number         0  stm32f0xx_crc.o ABSOLUTE
    ..\SYTSTEM\Libraries\STM32F0xx_StdPeriph_Driver\src\stm32f0xx_dac.c 0x00000000   Number         0  stm32f0xx_dac.o ABSOLUTE
    ..\SYTSTEM\Libraries\STM32F0xx_StdPeriph_Driver\src\stm32f0xx_dbgmcu.c 0x00000000   Number         0  stm32f0xx_dbgmcu.o ABSOLUTE
    ..\SYTSTEM\Libraries\STM32F0xx_StdPeriph_Driver\src\stm32f0xx_dma.c 0x00000000   Number         0  stm32f0xx_dma.o ABSOLUTE
    ..\SYTSTEM\Libraries\STM32F0xx_StdPeriph_Driver\src\stm32f0xx_exti.c 0x00000000   Number         0  stm32f0xx_exti.o ABSOLUTE
    ..\SYTSTEM\Libraries\STM32F0xx_StdPeriph_Driver\src\stm32f0xx_flash.c 0x00000000   Number         0  stm32f0xx_flash.o ABSOLUTE
    ..\SYTSTEM\Libraries\STM32F0xx_StdPeriph_Driver\src\stm32f0xx_gpio.c 0x00000000   Number         0  stm32f0xx_gpio.o ABSOLUTE
    ..\SYTSTEM\Libraries\STM32F0xx_StdPeriph_Driver\src\stm32f0xx_i2c.c 0x00000000   Number         0  stm32f0xx_i2c.o ABSOLUTE
    ..\SYTSTEM\Libraries\STM32F0xx_StdPeriph_Driver\src\stm32f0xx_iwdg.c 0x00000000   Number         0  stm32f0xx_iwdg.o ABSOLUTE
    ..\SYTSTEM\Libraries\STM32F0xx_StdPeriph_Driver\src\stm32f0xx_misc.c 0x00000000   Number         0  stm32f0xx_misc.o ABSOLUTE
    ..\SYTSTEM\Libraries\STM32F0xx_StdPeriph_Driver\src\stm32f0xx_pwr.c 0x00000000   Number         0  stm32f0xx_pwr.o ABSOLUTE
    ..\SYTSTEM\Libraries\STM32F0xx_StdPeriph_Driver\src\stm32f0xx_rcc.c 0x00000000   Number         0  stm32f0xx_rcc.o ABSOLUTE
    ..\SYTSTEM\Libraries\STM32F0xx_StdPeriph_Driver\src\stm32f0xx_rtc.c 0x00000000   Number         0  stm32f0xx_rtc.o ABSOLUTE
    ..\SYTSTEM\Libraries\STM32F0xx_StdPeriph_Driver\src\stm32f0xx_spi.c 0x00000000   Number         0  stm32f0xx_spi.o ABSOLUTE
    ..\SYTSTEM\Libraries\STM32F0xx_StdPeriph_Driver\src\stm32f0xx_syscfg.c 0x00000000   Number         0  stm32f0xx_syscfg.o ABSOLUTE
    ..\SYTSTEM\Libraries\STM32F0xx_StdPeriph_Driver\src\stm32f0xx_tim.c 0x00000000   Number         0  stm32f0xx_tim.o ABSOLUTE
    ..\SYTSTEM\Libraries\STM32F0xx_StdPeriph_Driver\src\stm32f0xx_usart.c 0x00000000   Number         0  stm32f0xx_usart.o ABSOLUTE
    ..\SYTSTEM\Libraries\STM32F0xx_StdPeriph_Driver\src\stm32f0xx_wwdg.c 0x00000000   Number         0  stm32f0xx_wwdg.o ABSOLUTE
    ..\SYTSTEM\Utilities\STM32_EVAL\STM320518_EVAL\stm320518_eval.c 0x00000000   Number         0  stm320518_eval.o ABSOLUTE
    ..\\SYTSTEM\\Libraries\\STM32F0xx_StdPeriph_Driver\\src\\stm32f0xx_adc.c 0x00000000   Number         0  stm32f0xx_adc.o ABSOLUTE
    ..\\SYTSTEM\\Libraries\\STM32F0xx_StdPeriph_Driver\\src\\stm32f0xx_cec.c 0x00000000   Number         0  stm32f0xx_cec.o ABSOLUTE
    ..\\SYTSTEM\\Libraries\\STM32F0xx_StdPeriph_Driver\\src\\stm32f0xx_comp.c 0x00000000   Number         0  stm32f0xx_comp.o ABSOLUTE
    ..\\SYTSTEM\\Libraries\\STM32F0xx_StdPeriph_Driver\\src\\stm32f0xx_crc.c 0x00000000   Number         0  stm32f0xx_crc.o ABSOLUTE
    ..\\SYTSTEM\\Libraries\\STM32F0xx_StdPeriph_Driver\\src\\stm32f0xx_dac.c 0x00000000   Number         0  stm32f0xx_dac.o ABSOLUTE
    ..\\SYTSTEM\\Libraries\\STM32F0xx_StdPeriph_Driver\\src\\stm32f0xx_dbgmcu.c 0x00000000   Number         0  stm32f0xx_dbgmcu.o ABSOLUTE
    ..\\SYTSTEM\\Libraries\\STM32F0xx_StdPeriph_Driver\\src\\stm32f0xx_dma.c 0x00000000   Number         0  stm32f0xx_dma.o ABSOLUTE
    ..\\SYTSTEM\\Libraries\\STM32F0xx_StdPeriph_Driver\\src\\stm32f0xx_exti.c 0x00000000   Number         0  stm32f0xx_exti.o ABSOLUTE
    ..\\SYTSTEM\\Libraries\\STM32F0xx_StdPeriph_Driver\\src\\stm32f0xx_flash.c 0x00000000   Number         0  stm32f0xx_flash.o ABSOLUTE
    ..\\SYTSTEM\\Libraries\\STM32F0xx_StdPeriph_Driver\\src\\stm32f0xx_gpio.c 0x00000000   Number         0  stm32f0xx_gpio.o ABSOLUTE
    ..\\SYTSTEM\\Libraries\\STM32F0xx_StdPeriph_Driver\\src\\stm32f0xx_i2c.c 0x00000000   Number         0  stm32f0xx_i2c.o ABSOLUTE
    ..\\SYTSTEM\\Libraries\\STM32F0xx_StdPeriph_Driver\\src\\stm32f0xx_iwdg.c 0x00000000   Number         0  stm32f0xx_iwdg.o ABSOLUTE
    ..\\SYTSTEM\\Libraries\\STM32F0xx_StdPeriph_Driver\\src\\stm32f0xx_misc.c 0x00000000   Number         0  stm32f0xx_misc.o ABSOLUTE
    ..\\SYTSTEM\\Libraries\\STM32F0xx_StdPeriph_Driver\\src\\stm32f0xx_pwr.c 0x00000000   Number         0  stm32f0xx_pwr.o ABSOLUTE
    ..\\SYTSTEM\\Libraries\\STM32F0xx_StdPeriph_Driver\\src\\stm32f0xx_rcc.c 0x00000000   Number         0  stm32f0xx_rcc.o ABSOLUTE
    ..\\SYTSTEM\\Libraries\\STM32F0xx_StdPeriph_Driver\\src\\stm32f0xx_rtc.c 0x00000000   Number         0  stm32f0xx_rtc.o ABSOLUTE
    ..\\SYTSTEM\\Libraries\\STM32F0xx_StdPeriph_Driver\\src\\stm32f0xx_spi.c 0x00000000   Number         0  stm32f0xx_spi.o ABSOLUTE
    ..\\SYTSTEM\\Libraries\\STM32F0xx_StdPeriph_Driver\\src\\stm32f0xx_syscfg.c 0x00000000   Number         0  stm32f0xx_syscfg.o ABSOLUTE
    ..\\SYTSTEM\\Libraries\\STM32F0xx_StdPeriph_Driver\\src\\stm32f0xx_tim.c 0x00000000   Number         0  stm32f0xx_tim.o ABSOLUTE
    ..\\SYTSTEM\\Libraries\\STM32F0xx_StdPeriph_Driver\\src\\stm32f0xx_usart.c 0x00000000   Number         0  stm32f0xx_usart.o ABSOLUTE
    ..\\SYTSTEM\\Libraries\\STM32F0xx_StdPeriph_Driver\\src\\stm32f0xx_wwdg.c 0x00000000   Number         0  stm32f0xx_wwdg.o ABSOLUTE
    ..\\SYTSTEM\\Utilities\\STM32_EVAL\\STM320518_EVAL\\stm320518_eval.c 0x00000000   Number         0  stm320518_eval.o ABSOLUTE
    RTE\Device\STM32F072CB\startup_stm32f072xb.s 0x00000000   Number         0  startup_stm32f072xb.o ABSOLUTE
    RTE\Device\STM32F072CB\system_stm32f0xx.c 0x00000000   Number         0  system_stm32f0xx.o ABSOLUTE
    RTE\\Device\\STM32F072CB\\system_stm32f0xx.c 0x00000000   Number         0  system_stm32f0xx.o ABSOLUTE
    dac1.c                                   0x00000000   Number         0  dac1.o ABSOLUTE
    dac1.c                                   0x00000000   Number         0  dac1.o ABSOLUTE
    dc.s                                     0x00000000   Number         0  dc.o ABSOLUTE
    flash.c                                  0x00000000   Number         0  flash.o ABSOLUTE
    flash.c                                  0x00000000   Number         0  flash.o ABSOLUTE
    main.c                                   0x00000000   Number         0  main.o ABSOLUTE
    main.c                                   0x00000000   Number         0  main.o ABSOLUTE
    usart1.c                                 0x00000000   Number         0  usart1.o ABSOLUTE
    usart1.c                                 0x00000000   Number         0  usart1.o ABSOLUTE
    wav.c                                    0x00000000   Number         0  wav.o ABSOLUTE
    wav.c                                    0x00000000   Number         0  wav.o ABSOLUTE
    RESET                                    0x08000000   Section      192  startup_stm32f072xb.o(RESET)
    !!!main                                  0x080000c0   Section        8  __main.o(!!!main)
    !!!scatter                               0x080000c8   Section       60  __scatter.o(!!!scatter)
    !!handler_copy                           0x08000104   Section       26  __scatter_copy.o(!!handler_copy)
    !!handler_zi                             0x08000120   Section       28  __scatter_zi.o(!!handler_zi)
    .ARM.Collect$$_printf_percent$$00000000  0x0800013c   Section        2  _printf_percent.o(.ARM.Collect$$_printf_percent$$00000000)
    .ARM.Collect$$_printf_percent$$00000009  0x0800013e   Section       10  _printf_d.o(.ARM.Collect$$_printf_percent$$00000009)
    .ARM.Collect$$_printf_percent$$00000017  0x08000148   Section        4  _printf_percent_end.o(.ARM.Collect$$_printf_percent$$00000017)
    .ARM.Collect$$libinit$$00000000          0x0800014c   Section        2  libinit.o(.ARM.Collect$$libinit$$00000000)
    .ARM.Collect$$libinit$$00000002          0x0800014e   Section        0  libinit2.o(.ARM.Collect$$libinit$$00000002)
    .ARM.Collect$$libinit$$00000004          0x0800014e   Section        0  libinit2.o(.ARM.Collect$$libinit$$00000004)
    .ARM.Collect$$libinit$$0000000A          0x0800014e   Section        0  libinit2.o(.ARM.Collect$$libinit$$0000000A)
    .ARM.Collect$$libinit$$0000000C          0x0800014e   Section        0  libinit2.o(.ARM.Collect$$libinit$$0000000C)
    .ARM.Collect$$libinit$$0000000E          0x0800014e   Section        0  libinit2.o(.ARM.Collect$$libinit$$0000000E)
    .ARM.Collect$$libinit$$00000011          0x0800014e   Section        0  libinit2.o(.ARM.Collect$$libinit$$00000011)
    .ARM.Collect$$libinit$$00000013          0x0800014e   Section        0  libinit2.o(.ARM.Collect$$libinit$$00000013)
    .ARM.Collect$$libinit$$00000015          0x0800014e   Section        0  libinit2.o(.ARM.Collect$$libinit$$00000015)
    .ARM.Collect$$libinit$$00000017          0x0800014e   Section        0  libinit2.o(.ARM.Collect$$libinit$$00000017)
    .ARM.Collect$$libinit$$00000019          0x0800014e   Section        0  libinit2.o(.ARM.Collect$$libinit$$00000019)
    .ARM.Collect$$libinit$$0000001B          0x0800014e   Section        0  libinit2.o(.ARM.Collect$$libinit$$0000001B)
    .ARM.Collect$$libinit$$0000001D          0x0800014e   Section        0  libinit2.o(.ARM.Collect$$libinit$$0000001D)
    .ARM.Collect$$libinit$$0000001F          0x0800014e   Section        0  libinit2.o(.ARM.Collect$$libinit$$0000001F)
    .ARM.Collect$$libinit$$00000021          0x0800014e   Section        0  libinit2.o(.ARM.Collect$$libinit$$00000021)
    .ARM.Collect$$libinit$$00000023          0x0800014e   Section        0  libinit2.o(.ARM.Collect$$libinit$$00000023)
    .ARM.Collect$$libinit$$00000025          0x0800014e   Section        0  libinit2.o(.ARM.Collect$$libinit$$00000025)
    .ARM.Collect$$libinit$$0000002C          0x0800014e   Section        0  libinit2.o(.ARM.Collect$$libinit$$0000002C)
    .ARM.Collect$$libinit$$0000002E          0x0800014e   Section        0  libinit2.o(.ARM.Collect$$libinit$$0000002E)
    .ARM.Collect$$libinit$$00000030          0x0800014e   Section        0  libinit2.o(.ARM.Collect$$libinit$$00000030)
    .ARM.Collect$$libinit$$00000032          0x0800014e   Section        0  libinit2.o(.ARM.Collect$$libinit$$00000032)
    .ARM.Collect$$libinit$$00000033          0x0800014e   Section        2  libinit2.o(.ARM.Collect$$libinit$$00000033)
    .ARM.Collect$$libshutdown$$00000000      0x08000150   Section        2  libshutdown.o(.ARM.Collect$$libshutdown$$00000000)
    .ARM.Collect$$libshutdown$$00000003      0x08000152   Section        0  libshutdown2.o(.ARM.Collect$$libshutdown$$00000003)
    .ARM.Collect$$libshutdown$$00000006      0x08000152   Section        0  libshutdown2.o(.ARM.Collect$$libshutdown$$00000006)
    .ARM.Collect$$libshutdown$$00000009      0x08000152   Section        0  libshutdown2.o(.ARM.Collect$$libshutdown$$00000009)
    .ARM.Collect$$libshutdown$$0000000B      0x08000152   Section        0  libshutdown2.o(.ARM.Collect$$libshutdown$$0000000B)
    .ARM.Collect$$libshutdown$$0000000E      0x08000152   Section        0  libshutdown2.o(.ARM.Collect$$libshutdown$$0000000E)
    .ARM.Collect$$libshutdown$$0000000F      0x08000152   Section        2  libshutdown2.o(.ARM.Collect$$libshutdown$$0000000F)
    .ARM.Collect$$rtentry$$00000000          0x08000154   Section        0  __rtentry.o(.ARM.Collect$$rtentry$$00000000)
    .ARM.Collect$$rtentry$$00000002          0x08000154   Section        0  __rtentry2.o(.ARM.Collect$$rtentry$$00000002)
    .ARM.Collect$$rtentry$$00000004          0x08000154   Section        6  __rtentry4.o(.ARM.Collect$$rtentry$$00000004)
    .ARM.Collect$$rtentry$$00000009          0x0800015a   Section        0  __rtentry2.o(.ARM.Collect$$rtentry$$00000009)
    .ARM.Collect$$rtentry$$0000000A          0x0800015a   Section        4  __rtentry2.o(.ARM.Collect$$rtentry$$0000000A)
    .ARM.Collect$$rtentry$$0000000C          0x0800015e   Section        0  __rtentry2.o(.ARM.Collect$$rtentry$$0000000C)
    .ARM.Collect$$rtentry$$0000000D          0x0800015e   Section        8  __rtentry2.o(.ARM.Collect$$rtentry$$0000000D)
    .ARM.Collect$$rtexit$$00000000           0x08000166   Section        2  rtexit.o(.ARM.Collect$$rtexit$$00000000)
    .ARM.Collect$$rtexit$$00000002           0x08000168   Section        0  rtexit2.o(.ARM.Collect$$rtexit$$00000002)
    .ARM.Collect$$rtexit$$00000003           0x08000168   Section        4  rtexit2.o(.ARM.Collect$$rtexit$$00000003)
    .ARM.Collect$$rtexit$$00000004           0x0800016c   Section        6  rtexit2.o(.ARM.Collect$$rtexit$$00000004)
    .emb_text                                0x08000174   Section       56  rt_memcpy.o(.emb_text)
    .text                                    0x080001ac   Section        0  main.o(.text)
    .text                                    0x08000250   Section        0  usart1.o(.text)
    .text                                    0x0800032c   Section        0  dac1.o(.text)
    .text                                    0x080003a8   Section        0  flash.o(.text)
    .text                                    0x0800068c   Section        0  wav.o(.text)
    .text                                    0x08000c7c   Section        0  stm32f0xx_dac.o(.text)
    .text                                    0x08000df8   Section        0  stm32f0xx_flash.o(.text)
    .text                                    0x080013e0   Section        0  stm32f0xx_gpio.o(.text)
    .text                                    0x080015d0   Section        0  stm32f0xx_misc.o(.text)
    .text                                    0x08001684   Section        0  stm32f0xx_rcc.o(.text)
    .text                                    0x08001c7c   Section        0  stm32f0xx_tim.o(.text)
    TI4_Config                               0x080023bd   Thumb Code    66  stm32f0xx_tim.o(.text)
    TI3_Config                               0x08002411   Thumb Code    66  stm32f0xx_tim.o(.text)
    TI2_Config                               0x08002467   Thumb Code   118  stm32f0xx_tim.o(.text)
    TI1_Config                               0x080024ed   Thumb Code    54  stm32f0xx_tim.o(.text)
    .text                                    0x08002848   Section        0  stm32f0xx_usart.o(.text)
    .text                                    0x08002d94   Section       56  startup_stm32f072xb.o(.text)
    .text                                    0x08002dcc   Section        0  system_stm32f0xx.o(.text)
    SetSysClock                              0x08002dcd   Thumb Code   126  system_stm32f0xx.o(.text)
    .text                                    0x08002f74   Section        0  noretval__2sprintf.o(.text)
    .text                                    0x08002f9c   Section        0  __printf.o(.text)
    .text                                    0x08003008   Section        0  _printf_dec.o(.text)
    .text                                    0x08003074   Section        0  strcmp.o(.text)
    .text                                    0x080030fc   Section      346  aeabi_sdiv.o(.text)
    .text                                    0x08003256   Section        0  heapauxi.o(.text)
    .text                                    0x0800325c   Section        0  _printf_intcommon.o(.text)
    .text                                    0x0800330c   Section        0  _printf_char_common.o(.text)
    _printf_input_char                       0x0800330d   Thumb Code    10  _printf_char_common.o(.text)
    .text                                    0x0800333c   Section        0  _sputc.o(.text)
    .text                                    0x08003346   Section        0  rtudiv10.o(.text)
    .text                                    0x0800336e   Section       62  sys_stackheap_outer.o(.text)
    .text                                    0x080033ac   Section        0  exit.o(.text)
    .text                                    0x080033b8   Section        8  libspace.o(.text)
    .text                                    0x080033c0   Section        0  sys_exit.o(.text)
    .text                                    0x080033cc   Section        2  use_no_semi.o(.text)
    .text                                    0x080033ce   Section        0  indicate_semi.o(.text)
    .data                                    0x20000000   Section        8  main.o(.data)
    .data                                    0x20000008   Section       22  flash.o(.data)
    .data                                    0x20000020   Section        4  wav.o(.data)
    .data                                    0x20000024   Section       16  stm32f0xx_rcc.o(.data)
    APBAHBPrescTable                         0x20000024   Data          16  stm32f0xx_rcc.o(.data)
    .data                                    0x20000034   Section       20  system_stm32f0xx.o(.data)
    .bss                                     0x20000048   Section       72  wav.o(.bss)
    .bss                                     0x20000090   Section       96  libspace.o(.bss)
    HEAP                                     0x200000f0   Section      512  startup_stm32f072xb.o(HEAP)
    Heap_Mem                                 0x200000f0   Data         512  startup_stm32f072xb.o(HEAP)
    STACK                                    0x200002f0   Section     1024  startup_stm32f072xb.o(STACK)
    Stack_Mem                                0x200002f0   Data        1024  startup_stm32f072xb.o(STACK)
    __initial_sp                             0x200006f0   Data           0  startup_stm32f072xb.o(STACK)

    Global Symbols

    Symbol Name                              Value     Ov Type        Size  Object(Section)

    BuildAttributes$$THM_ISAv3M$S$PE$A:L22$X:L11$S22$IEEE1$IW$USESV6$~STKCKD$USESV7$~SHL$OSPACE$ROPI$EBA8$UX$STANDARDLIB$REQ8$PRES8$EABIv2 0x00000000   Number         0  anon$$obj.o ABSOLUTE
    __ARM_use_no_argv                        0x00000000   Number         0  main.o ABSOLUTE
    __ARM_exceptions_init                     - Undefined Weak Reference
    __alloca_initialize                       - Undefined Weak Reference
    __arm_preinit_                            - Undefined Weak Reference
    __cpp_initialize__aeabi_                  - Undefined Weak Reference
    __cxa_finalize                            - Undefined Weak Reference
    __rt_locale                               - Undefined Weak Reference
    __sigvec_lookup                           - Undefined Weak Reference
    _atexit_init                              - Undefined Weak Reference
    _call_atexit_fns                          - Undefined Weak Reference
    _clock_init                               - Undefined Weak Reference
    _fp_trap_init                             - Undefined Weak Reference
    _fp_trap_shutdown                         - Undefined Weak Reference
    _get_lc_collate                           - Undefined Weak Reference
    _get_lc_ctype                             - Undefined Weak Reference
    _get_lc_monetary                          - Undefined Weak Reference
    _get_lc_numeric                           - Undefined Weak Reference
    _get_lc_time                              - Undefined Weak Reference
    _getenv_init                              - Undefined Weak Reference
    _handle_redirection                       - Undefined Weak Reference
    _init_alloc                               - Undefined Weak Reference
    _init_user_alloc                          - Undefined Weak Reference
    _initio                                   - Undefined Weak Reference
    _printf_post_padding                      - Undefined Weak Reference
    _printf_pre_padding                       - Undefined Weak Reference
    _printf_truncate_signed                   - Undefined Weak Reference
    _printf_truncate_unsigned                 - Undefined Weak Reference
    _rand_init                                - Undefined Weak Reference
    _signal_finish                            - Undefined Weak Reference
    _signal_init                              - Undefined Weak Reference
    _terminate_alloc                          - Undefined Weak Reference
    _terminate_user_alloc                     - Undefined Weak Reference
    _terminateio                              - Undefined Weak Reference
    __Vectors_Size                           0x000000c0   Number         0  startup_stm32f072xb.o ABSOLUTE
    __Vectors                                0x08000000   Data           4  startup_stm32f072xb.o(RESET)
    __Vectors_End                            0x080000c0   Data           0  startup_stm32f072xb.o(RESET)
    __main                                   0x080000c1   Thumb Code     8  __main.o(!!!main)
    __scatterload                            0x080000c9   Thumb Code     0  __scatter.o(!!!scatter)
    __scatterload_rt2                        0x080000c9   Thumb Code    52  __scatter.o(!!!scatter)
    __scatterload_rt2_thumb_only             0x080000c9   Thumb Code     0  __scatter.o(!!!scatter)
    __scatterload_null                       0x080000d9   Thumb Code     0  __scatter.o(!!!scatter)
    __scatterload_copy                       0x08000105   Thumb Code    26  __scatter_copy.o(!!handler_copy)
    __scatterload_zeroinit                   0x08000121   Thumb Code    28  __scatter_zi.o(!!handler_zi)
    _printf_percent                          0x0800013d   Thumb Code     0  _printf_percent.o(.ARM.Collect$$_printf_percent$$00000000)
    _printf_d                                0x0800013f   Thumb Code     0  _printf_d.o(.ARM.Collect$$_printf_percent$$00000009)
    _printf_percent_end                      0x08000149   Thumb Code     0  _printf_percent_end.o(.ARM.Collect$$_printf_percent$$00000017)
    __rt_lib_init                            0x0800014d   Thumb Code     0  libinit.o(.ARM.Collect$$libinit$$00000000)
    __rt_lib_init_alloca_1                   0x0800014f   Thumb Code     0  libinit2.o(.ARM.Collect$$libinit$$0000002E)
    __rt_lib_init_argv_1                     0x0800014f   Thumb Code     0  libinit2.o(.ARM.Collect$$libinit$$0000002C)
    __rt_lib_init_atexit_1                   0x0800014f   Thumb Code     0  libinit2.o(.ARM.Collect$$libinit$$0000001B)
    __rt_lib_init_clock_1                    0x0800014f   Thumb Code     0  libinit2.o(.ARM.Collect$$libinit$$00000021)
    __rt_lib_init_cpp_1                      0x0800014f   Thumb Code     0  libinit2.o(.ARM.Collect$$libinit$$00000032)
    __rt_lib_init_exceptions_1               0x0800014f   Thumb Code     0  libinit2.o(.ARM.Collect$$libinit$$00000030)
    __rt_lib_init_fp_1                       0x0800014f   Thumb Code     0  libinit2.o(.ARM.Collect$$libinit$$00000002)
    __rt_lib_init_fp_trap_1                  0x0800014f   Thumb Code     0  libinit2.o(.ARM.Collect$$libinit$$0000001F)
    __rt_lib_init_getenv_1                   0x0800014f   Thumb Code     0  libinit2.o(.ARM.Collect$$libinit$$00000023)
    __rt_lib_init_heap_1                     0x0800014f   Thumb Code     0  libinit2.o(.ARM.Collect$$libinit$$0000000A)
    __rt_lib_init_lc_collate_1               0x0800014f   Thumb Code     0  libinit2.o(.ARM.Collect$$libinit$$00000011)
    __rt_lib_init_lc_ctype_1                 0x0800014f   Thumb Code     0  libinit2.o(.ARM.Collect$$libinit$$00000013)
    __rt_lib_init_lc_monetary_1              0x0800014f   Thumb Code     0  libinit2.o(.ARM.Collect$$libinit$$00000015)
    __rt_lib_init_lc_numeric_1               0x0800014f   Thumb Code     0  libinit2.o(.ARM.Collect$$libinit$$00000017)
    __rt_lib_init_lc_time_1                  0x0800014f   Thumb Code     0  libinit2.o(.ARM.Collect$$libinit$$00000019)
    __rt_lib_init_preinit_1                  0x0800014f   Thumb Code     0  libinit2.o(.ARM.Collect$$libinit$$00000004)
    __rt_lib_init_rand_1                     0x0800014f   Thumb Code     0  libinit2.o(.ARM.Collect$$libinit$$0000000E)
    __rt_lib_init_return                     0x0800014f   Thumb Code     0  libinit2.o(.ARM.Collect$$libinit$$00000033)
    __rt_lib_init_signal_1                   0x0800014f   Thumb Code     0  libinit2.o(.ARM.Collect$$libinit$$0000001D)
    __rt_lib_init_stdio_1                    0x0800014f   Thumb Code     0  libinit2.o(.ARM.Collect$$libinit$$00000025)
    __rt_lib_init_user_alloc_1               0x0800014f   Thumb Code     0  libinit2.o(.ARM.Collect$$libinit$$0000000C)
    __rt_lib_shutdown                        0x08000151   Thumb Code     0  libshutdown.o(.ARM.Collect$$libshutdown$$00000000)
    __rt_lib_shutdown_fp_trap_1              0x08000153   Thumb Code     0  libshutdown2.o(.ARM.Collect$$libshutdown$$00000006)
    __rt_lib_shutdown_heap_1                 0x08000153   Thumb Code     0  libshutdown2.o(.ARM.Collect$$libshutdown$$0000000E)
    __rt_lib_shutdown_return                 0x08000153   Thumb Code     0  libshutdown2.o(.ARM.Collect$$libshutdown$$0000000F)
    __rt_lib_shutdown_signal_1               0x08000153   Thumb Code     0  libshutdown2.o(.ARM.Collect$$libshutdown$$00000009)
    __rt_lib_shutdown_stdio_1                0x08000153   Thumb Code     0  libshutdown2.o(.ARM.Collect$$libshutdown$$00000003)
    __rt_lib_shutdown_user_alloc_1           0x08000153   Thumb Code     0  libshutdown2.o(.ARM.Collect$$libshutdown$$0000000B)
    __rt_entry                               0x08000155   Thumb Code     0  __rtentry.o(.ARM.Collect$$rtentry$$00000000)
    __rt_entry_presh_1                       0x08000155   Thumb Code     0  __rtentry2.o(.ARM.Collect$$rtentry$$00000002)
    __rt_entry_sh                            0x08000155   Thumb Code     0  __rtentry4.o(.ARM.Collect$$rtentry$$00000004)
    __rt_entry_li                            0x0800015b   Thumb Code     0  __rtentry2.o(.ARM.Collect$$rtentry$$0000000A)
    __rt_entry_postsh_1                      0x0800015b   Thumb Code     0  __rtentry2.o(.ARM.Collect$$rtentry$$00000009)
    __rt_entry_main                          0x0800015f   Thumb Code     0  __rtentry2.o(.ARM.Collect$$rtentry$$0000000D)
    __rt_entry_postli_1                      0x0800015f   Thumb Code     0  __rtentry2.o(.ARM.Collect$$rtentry$$0000000C)
    __rt_exit                                0x08000167   Thumb Code     0  rtexit.o(.ARM.Collect$$rtexit$$00000000)
    __rt_exit_ls                             0x08000169   Thumb Code     0  rtexit2.o(.ARM.Collect$$rtexit$$00000003)
    __rt_exit_prels_1                        0x08000169   Thumb Code     0  rtexit2.o(.ARM.Collect$$rtexit$$00000002)
    __rt_exit_exit                           0x0800016d   Thumb Code     0  rtexit2.o(.ARM.Collect$$rtexit$$00000004)
    __aeabi_memcpy4                          0x08000175   Thumb Code    56  rt_memcpy.o(.emb_text)
    __aeabi_memcpy8                          0x08000175   Thumb Code     0  rt_memcpy.o(.emb_text)
    main                                     0x080001ad   Thumb Code    70  main.o(.text)
    USART2_IRQHandler                        0x080001f3   Thumb Code    40  main.o(.text)
    USART2_Init                              0x08000251   Thumb Code   160  usart1.o(.text)
    SerialPutChar                            0x080002f1   Thumb Code    28  usart1.o(.text)
    Serial_PutString                         0x0800030d   Thumb Code    22  usart1.o(.text)
    DAC1_Init                                0x0800032d   Thumb Code   122  dac1.o(.text)
    Flash_Init                               0x080003a9   Thumb Code    26  flash.o(.text)
    Flash_Erase                              0x080003c3   Thumb Code    70  flash.o(.text)
    Flash_Write                              0x08000409   Thumb Code    70  flash.o(.text)
    Flash_Read                               0x0800044f   Thumb Code    76  flash.o(.text)
    Flash_Read_Choose                        0x0800049b   Thumb Code    82  flash.o(.text)
    Flash_Read_Choose_Wav_Num                0x080004ed   Thumb Code    78  flash.o(.text)
    Flash_Read_Choose_Wav_Info               0x0800053b   Thumb Code   100  flash.o(.text)
    Flash_Read_Wav_Data                      0x0800059f   Thumb Code    46  flash.o(.text)
    Flash_Write_Char                         0x080005cd   Thumb Code    30  flash.o(.text)
    Flash_Write_String                       0x080005eb   Thumb Code    28  flash.o(.text)
    Wav_Init                                 0x0800068d   Thumb Code   230  wav.o(.text)
    PrintWavHeader                           0x08000773   Thumb Code   282  wav.o(.text)
    Time_Init                                0x0800088d   Thumb Code    94  wav.o(.text)
    Wav_Config                               0x080008eb   Thumb Code   186  wav.o(.text)
    TIM3_IRQHandler                          0x080009a5   Thumb Code   694  wav.o(.text)
    DAC_DeInit                               0x08000c7d   Thumb Code    22  stm32f0xx_dac.o(.text)
    DAC_Init                                 0x08000c93   Thumb Code    40  stm32f0xx_dac.o(.text)
    DAC_StructInit                           0x08000cbb   Thumb Code     8  stm32f0xx_dac.o(.text)
    DAC_Cmd                                  0x08000cc3   Thumb Code    36  stm32f0xx_dac.o(.text)
    DAC_SoftwareTriggerCmd                   0x08000ce7   Thumb Code    42  stm32f0xx_dac.o(.text)
    DAC_SetChannel1Data                      0x08000d11   Thumb Code    26  stm32f0xx_dac.o(.text)
    DAC_GetDataOutputValue                   0x08000d2b   Thumb Code    30  stm32f0xx_dac.o(.text)
    DAC_DMACmd                               0x08000d49   Thumb Code    40  stm32f0xx_dac.o(.text)
    DAC_ITConfig                             0x08000d71   Thumb Code    38  stm32f0xx_dac.o(.text)
    DAC_GetFlagStatus                        0x08000d97   Thumb Code    28  stm32f0xx_dac.o(.text)
    DAC_ClearFlag                            0x08000db3   Thumb Code    10  stm32f0xx_dac.o(.text)
    DAC_GetITStatus                          0x08000dbd   Thumb Code    46  stm32f0xx_dac.o(.text)
    DAC_ClearITPendingBit                    0x08000deb   Thumb Code    10  stm32f0xx_dac.o(.text)
    FLASH_SetLatency                         0x08000df9   Thumb Code    24  stm32f0xx_flash.o(.text)
    FLASH_PrefetchBufferCmd                  0x08000e11   Thumb Code    32  stm32f0xx_flash.o(.text)
    FLASH_GetPrefetchBufferStatus            0x08000e31   Thumb Code    22  stm32f0xx_flash.o(.text)
    FLASH_Unlock                             0x08000e47   Thumb Code    24  stm32f0xx_flash.o(.text)
    FLASH_Lock                               0x08000e5f   Thumb Code    14  stm32f0xx_flash.o(.text)
    FLASH_GetStatus                          0x08000e6d   Thumb Code    54  stm32f0xx_flash.o(.text)
    FLASH_WaitForLastOperation               0x08000ea3   Thumb Code    40  stm32f0xx_flash.o(.text)
    FLASH_ErasePage                          0x08000ecb   Thumb Code    72  stm32f0xx_flash.o(.text)
    FLASH_EraseAllPages                      0x08000f13   Thumb Code    68  stm32f0xx_flash.o(.text)
    FLASH_ProgramWord                        0x08000f57   Thumb Code   104  stm32f0xx_flash.o(.text)
    FLASH_ProgramHalfWord                    0x08000fbf   Thumb Code    62  stm32f0xx_flash.o(.text)
    FLASH_OB_Unlock                          0x08000ffd   Thumb Code    26  stm32f0xx_flash.o(.text)
    FLASH_OB_Lock                            0x08001017   Thumb Code    16  stm32f0xx_flash.o(.text)
    FLASH_OB_Launch                          0x08001027   Thumb Code    16  stm32f0xx_flash.o(.text)
    FLASH_OB_GetRDP                          0x08001037   Thumb Code    22  stm32f0xx_flash.o(.text)
    FLASH_OB_Erase                           0x0800104d   Thumb Code   144  stm32f0xx_flash.o(.text)
    FLASH_OB_EnableWRP                       0x080010dd   Thumb Code   108  stm32f0xx_flash.o(.text)
    FLASH_OB_RDPConfig                       0x08001149   Thumb Code   134  stm32f0xx_flash.o(.text)
    FLASH_OB_UserConfig                      0x080011cf   Thumb Code   102  stm32f0xx_flash.o(.text)
    FLASH_OB_BOOTConfig                      0x08001235   Thumb Code    70  stm32f0xx_flash.o(.text)
    FLASH_OB_VDDAConfig                      0x0800127b   Thumb Code    70  stm32f0xx_flash.o(.text)
    FLASH_OB_SRAMParityConfig                0x080012c1   Thumb Code    70  stm32f0xx_flash.o(.text)
    FLASH_OB_WriteUser                       0x08001307   Thumb Code    70  stm32f0xx_flash.o(.text)
    FLASH_ProgramOptionByteData              0x0800134d   Thumb Code    66  stm32f0xx_flash.o(.text)
    FLASH_OB_GetUser                         0x0800138f   Thumb Code    10  stm32f0xx_flash.o(.text)
    FLASH_OB_GetWRP                          0x08001399   Thumb Code     6  stm32f0xx_flash.o(.text)
    FLASH_ITConfig                           0x0800139f   Thumb Code    28  stm32f0xx_flash.o(.text)
    FLASH_GetFlagStatus                      0x080013bb   Thumb Code    22  stm32f0xx_flash.o(.text)
    FLASH_ClearFlag                          0x080013d1   Thumb Code     6  stm32f0xx_flash.o(.text)
    GPIO_DeInit                              0x080013e1   Thumb Code   132  stm32f0xx_gpio.o(.text)
    GPIO_Init                                0x08001465   Thumb Code   144  stm32f0xx_gpio.o(.text)
    GPIO_StructInit                          0x080014f5   Thumb Code    20  stm32f0xx_gpio.o(.text)
    GPIO_PinLockConfig                       0x08001509   Thumb Code    34  stm32f0xx_gpio.o(.text)
    GPIO_ReadInputDataBit                    0x0800152b   Thumb Code    20  stm32f0xx_gpio.o(.text)
    GPIO_ReadInputData                       0x0800153f   Thumb Code     6  stm32f0xx_gpio.o(.text)
    GPIO_ReadOutputDataBit                   0x08001545   Thumb Code    20  stm32f0xx_gpio.o(.text)
    GPIO_ReadOutputData                      0x08001559   Thumb Code     6  stm32f0xx_gpio.o(.text)
    GPIO_SetBits                             0x0800155f   Thumb Code     4  stm32f0xx_gpio.o(.text)
    GPIO_ResetBits                           0x08001563   Thumb Code     4  stm32f0xx_gpio.o(.text)
    GPIO_WriteBit                            0x08001567   Thumb Code    12  stm32f0xx_gpio.o(.text)
    GPIO_Write                               0x08001573   Thumb Code     4  stm32f0xx_gpio.o(.text)
    GPIO_PinAFConfig                         0x08001577   Thumb Code    68  stm32f0xx_gpio.o(.text)
    NVIC_Init                                0x080015d1   Thumb Code   106  stm32f0xx_misc.o(.text)
    NVIC_SystemLPConfig                      0x0800163b   Thumb Code    28  stm32f0xx_misc.o(.text)
    SysTick_CLKSourceConfig                  0x08001657   Thumb Code    32  stm32f0xx_misc.o(.text)
    RCC_DeInit                               0x08001685   Thumb Code   104  stm32f0xx_rcc.o(.text)
    RCC_HSEConfig                            0x080016ed   Thumb Code    12  stm32f0xx_rcc.o(.text)
    RCC_GetFlagStatus                        0x080016f9   Thumb Code    68  stm32f0xx_rcc.o(.text)
    RCC_WaitForHSEStartUp                    0x0800173d   Thumb Code    60  stm32f0xx_rcc.o(.text)
    RCC_AdjustHSICalibrationValue            0x08001779   Thumb Code    26  stm32f0xx_rcc.o(.text)
    RCC_HSICmd                               0x08001793   Thumb Code    32  stm32f0xx_rcc.o(.text)
    RCC_AdjustHSI14CalibrationValue          0x080017b3   Thumb Code    26  stm32f0xx_rcc.o(.text)
    RCC_HSI14Cmd                             0x080017cd   Thumb Code    32  stm32f0xx_rcc.o(.text)
    RCC_HSI14ADCRequestCmd                   0x080017ed   Thumb Code    32  stm32f0xx_rcc.o(.text)
    RCC_LSEConfig                            0x0800180d   Thumb Code    34  stm32f0xx_rcc.o(.text)
    RCC_LSEDriveConfig                       0x0800182f   Thumb Code    22  stm32f0xx_rcc.o(.text)
    RCC_LSICmd                               0x08001845   Thumb Code    32  stm32f0xx_rcc.o(.text)
    RCC_PLLConfig                            0x08001865   Thumb Code    30  stm32f0xx_rcc.o(.text)
    RCC_PLLCmd                               0x08001883   Thumb Code    36  stm32f0xx_rcc.o(.text)
    RCC_PREDIV1Config                        0x080018a7   Thumb Code    24  stm32f0xx_rcc.o(.text)
    RCC_ClockSecuritySystemCmd               0x080018bf   Thumb Code    36  stm32f0xx_rcc.o(.text)
    RCC_MCOConfig                            0x080018e3   Thumb Code     6  stm32f0xx_rcc.o(.text)
    RCC_SYSCLKConfig                         0x080018e9   Thumb Code    24  stm32f0xx_rcc.o(.text)
    RCC_GetSYSCLKSource                      0x08001901   Thumb Code    10  stm32f0xx_rcc.o(.text)
    RCC_HCLKConfig                           0x0800190b   Thumb Code    28  stm32f0xx_rcc.o(.text)
    RCC_PCLKConfig                           0x08001927   Thumb Code    30  stm32f0xx_rcc.o(.text)
    RCC_ADCCLKConfig                         0x08001945   Thumb Code    52  stm32f0xx_rcc.o(.text)
    RCC_CECCLKConfig                         0x08001979   Thumb Code    22  stm32f0xx_rcc.o(.text)
    RCC_I2CCLKConfig                         0x0800198f   Thumb Code    22  stm32f0xx_rcc.o(.text)
    RCC_USARTCLKConfig                       0x080019a5   Thumb Code    22  stm32f0xx_rcc.o(.text)
    RCC_GetClocksFreq                        0x080019bb   Thumb Code   368  stm32f0xx_rcc.o(.text)
    RCC_RTCCLKConfig                         0x08001b2b   Thumb Code    12  stm32f0xx_rcc.o(.text)
    RCC_RTCCLKCmd                            0x08001b37   Thumb Code    36  stm32f0xx_rcc.o(.text)
    RCC_BackupResetCmd                       0x08001b5b   Thumb Code    36  stm32f0xx_rcc.o(.text)
    RCC_AHBPeriphClockCmd                    0x08001b7f   Thumb Code    28  stm32f0xx_rcc.o(.text)
    RCC_APB2PeriphClockCmd                   0x08001b9b   Thumb Code    28  stm32f0xx_rcc.o(.text)
    RCC_APB1PeriphClockCmd                   0x08001bb7   Thumb Code    28  stm32f0xx_rcc.o(.text)
    RCC_AHBPeriphResetCmd                    0x08001bd3   Thumb Code    28  stm32f0xx_rcc.o(.text)
    RCC_APB2PeriphResetCmd                   0x08001bef   Thumb Code    28  stm32f0xx_rcc.o(.text)
    RCC_APB1PeriphResetCmd                   0x08001c0b   Thumb Code    28  stm32f0xx_rcc.o(.text)
    RCC_ITConfig                             0x08001c27   Thumb Code    28  stm32f0xx_rcc.o(.text)
    RCC_ClearFlag                            0x08001c43   Thumb Code    16  stm32f0xx_rcc.o(.text)
    RCC_GetITStatus                          0x08001c53   Thumb Code    22  stm32f0xx_rcc.o(.text)
    RCC_ClearITPendingBit                    0x08001c69   Thumb Code     6  stm32f0xx_rcc.o(.text)
    TIM_DeInit                               0x08001c7d   Thumb Code   204  stm32f0xx_tim.o(.text)
    TIM_TimeBaseInit                         0x08001d49   Thumb Code    90  stm32f0xx_tim.o(.text)
    TIM_TimeBaseStructInit                   0x08001da3   Thumb Code    18  stm32f0xx_tim.o(.text)
    TIM_PrescalerConfig                      0x08001db5   Thumb Code     6  stm32f0xx_tim.o(.text)
    TIM_CounterModeConfig                    0x08001dbb   Thumb Code    20  stm32f0xx_tim.o(.text)
    TIM_SetCounter                           0x08001dcf   Thumb Code     4  stm32f0xx_tim.o(.text)
    TIM_SetAutoreload                        0x08001dd3   Thumb Code     4  stm32f0xx_tim.o(.text)
    TIM_GetCounter                           0x08001dd7   Thumb Code     6  stm32f0xx_tim.o(.text)
    TIM_GetPrescaler                         0x08001ddd   Thumb Code     6  stm32f0xx_tim.o(.text)
    TIM_UpdateDisableConfig                  0x08001de3   Thumb Code    26  stm32f0xx_tim.o(.text)
    TIM_UpdateRequestConfig                  0x08001dfd   Thumb Code    26  stm32f0xx_tim.o(.text)
    TIM_ARRPreloadConfig                     0x08001e17   Thumb Code    26  stm32f0xx_tim.o(.text)
    TIM_SelectOnePulseMode                   0x08001e31   Thumb Code    18  stm32f0xx_tim.o(.text)
    TIM_SetClockDivision                     0x08001e43   Thumb Code    16  stm32f0xx_tim.o(.text)
    TIM_Cmd                                  0x08001e53   Thumb Code    26  stm32f0xx_tim.o(.text)
    TIM_BDTRConfig                           0x08001e6d   Thumb Code    32  stm32f0xx_tim.o(.text)
    TIM_BDTRStructInit                       0x08001e8d   Thumb Code    18  stm32f0xx_tim.o(.text)
    TIM_CtrlPWMOutputs                       0x08001e9f   Thumb Code    34  stm32f0xx_tim.o(.text)
    TIM_OC1Init                              0x08001ec1   Thumb Code   122  stm32f0xx_tim.o(.text)
    TIM_OC2Init                              0x08001f3b   Thumb Code   132  stm32f0xx_tim.o(.text)
    TIM_OC3Init                              0x08001fbf   Thumb Code   124  stm32f0xx_tim.o(.text)
    TIM_OC4Init                              0x0800203b   Thumb Code   150  stm32f0xx_tim.o(.text)
    TIM_OCStructInit                         0x080020d1   Thumb Code    20  stm32f0xx_tim.o(.text)
    TIM_SelectOCxM                           0x080020e5   Thumb Code    82  stm32f0xx_tim.o(.text)
    TIM_SetCompare1                          0x08002137   Thumb Code     4  stm32f0xx_tim.o(.text)
    TIM_SetCompare2                          0x0800213b   Thumb Code     4  stm32f0xx_tim.o(.text)
    TIM_SetCompare3                          0x0800213f   Thumb Code     4  stm32f0xx_tim.o(.text)
    TIM_SetCompare4                          0x08002143   Thumb Code     4  stm32f0xx_tim.o(.text)
    TIM_ForcedOC1Config                      0x08002147   Thumb Code    20  stm32f0xx_tim.o(.text)
    TIM_ForcedOC2Config                      0x0800215b   Thumb Code    20  stm32f0xx_tim.o(.text)
    TIM_ForcedOC3Config                      0x0800216f   Thumb Code    20  stm32f0xx_tim.o(.text)
    TIM_ForcedOC4Config                      0x08002183   Thumb Code    20  stm32f0xx_tim.o(.text)
    TIM_CCPreloadControl                     0x08002197   Thumb Code    26  stm32f0xx_tim.o(.text)
    TIM_OC1PreloadConfig                     0x080021b1   Thumb Code    22  stm32f0xx_tim.o(.text)
    TIM_OC2PreloadConfig                     0x080021c7   Thumb Code    20  stm32f0xx_tim.o(.text)
    TIM_OC3PreloadConfig                     0x080021db   Thumb Code    22  stm32f0xx_tim.o(.text)
    TIM_OC4PreloadConfig                     0x080021f1   Thumb Code    20  stm32f0xx_tim.o(.text)
    TIM_OC1FastConfig                        0x08002205   Thumb Code    22  stm32f0xx_tim.o(.text)
    TIM_OC2FastConfig                        0x0800221b   Thumb Code    20  stm32f0xx_tim.o(.text)
    TIM_OC3FastConfig                        0x0800222f   Thumb Code    22  stm32f0xx_tim.o(.text)
    TIM_OC4FastConfig                        0x08002245   Thumb Code    20  stm32f0xx_tim.o(.text)
    TIM_ClearOC1Ref                          0x08002259   Thumb Code    22  stm32f0xx_tim.o(.text)
    TIM_ClearOC2Ref                          0x0800226f   Thumb Code    20  stm32f0xx_tim.o(.text)
    TIM_ClearOC3Ref                          0x08002283   Thumb Code    22  stm32f0xx_tim.o(.text)
    TIM_ClearOC4Ref                          0x08002299   Thumb Code    20  stm32f0xx_tim.o(.text)
    TIM_OC1PolarityConfig                    0x080022ad   Thumb Code    22  stm32f0xx_tim.o(.text)
    TIM_OC1NPolarityConfig                   0x080022c3   Thumb Code    22  stm32f0xx_tim.o(.text)
    TIM_OC2PolarityConfig                    0x080022d9   Thumb Code    22  stm32f0xx_tim.o(.text)
    TIM_OC2NPolarityConfig                   0x080022ef   Thumb Code    22  stm32f0xx_tim.o(.text)
    TIM_OC3PolarityConfig                    0x08002305   Thumb Code    20  stm32f0xx_tim.o(.text)
    TIM_OC3NPolarityConfig                   0x08002319   Thumb Code    20  stm32f0xx_tim.o(.text)
    TIM_OC4PolarityConfig                    0x0800232d   Thumb Code    20  stm32f0xx_tim.o(.text)
    TIM_SelectOCREFClear                     0x08002341   Thumb Code    18  stm32f0xx_tim.o(.text)
    TIM_CCxCmd                               0x08002353   Thumb Code    30  stm32f0xx_tim.o(.text)
    TIM_CCxNCmd                              0x08002371   Thumb Code    30  stm32f0xx_tim.o(.text)
    TIM_SelectCOM                            0x0800238f   Thumb Code    26  stm32f0xx_tim.o(.text)
    TIM_SetIC4Prescaler                      0x080023a9   Thumb Code    20  stm32f0xx_tim.o(.text)
    TIM_SetIC3Prescaler                      0x080023ff   Thumb Code    18  stm32f0xx_tim.o(.text)
    TIM_SetIC2Prescaler                      0x08002453   Thumb Code    20  stm32f0xx_tim.o(.text)
    TIM_SetIC1Prescaler                      0x080024dd   Thumb Code    16  stm32f0xx_tim.o(.text)
    TIM_ICInit                               0x08002523   Thumb Code   112  stm32f0xx_tim.o(.text)
    TIM_ICStructInit                         0x08002593   Thumb Code    18  stm32f0xx_tim.o(.text)
    TIM_PWMIConfig                           0x080025a5   Thumb Code   124  stm32f0xx_tim.o(.text)
    TIM_GetCapture1                          0x08002621   Thumb Code     6  stm32f0xx_tim.o(.text)
    TIM_GetCapture2                          0x08002627   Thumb Code     6  stm32f0xx_tim.o(.text)
    TIM_GetCapture3                          0x0800262d   Thumb Code     6  stm32f0xx_tim.o(.text)
    TIM_GetCapture4                          0x08002633   Thumb Code     6  stm32f0xx_tim.o(.text)
    TIM_ITConfig                             0x08002639   Thumb Code    20  stm32f0xx_tim.o(.text)
    TIM_GenerateEvent                        0x0800264d   Thumb Code     4  stm32f0xx_tim.o(.text)
    TIM_GetFlagStatus                        0x08002651   Thumb Code    20  stm32f0xx_tim.o(.text)
    TIM_ClearFlag                            0x08002665   Thumb Code     6  stm32f0xx_tim.o(.text)
    TIM_GetITStatus                          0x0800266b   Thumb Code    38  stm32f0xx_tim.o(.text)
    TIM_ClearITPendingBit                    0x08002691   Thumb Code     6  stm32f0xx_tim.o(.text)
    TIM_DMAConfig                            0x08002697   Thumb Code    12  stm32f0xx_tim.o(.text)
    TIM_DMACmd                               0x080026a3   Thumb Code    20  stm32f0xx_tim.o(.text)
    TIM_SelectCCDMA                          0x080026b7   Thumb Code    26  stm32f0xx_tim.o(.text)
    TIM_InternalClockConfig                  0x080026d1   Thumb Code    12  stm32f0xx_tim.o(.text)
    TIM_SelectInputTrigger                   0x080026dd   Thumb Code    22  stm32f0xx_tim.o(.text)
    TIM_ITRxExternalClockConfig              0x080026f3   Thumb Code    24  stm32f0xx_tim.o(.text)
    TIM_TIxExternalClockConfig               0x0800270b   Thumb Code    58  stm32f0xx_tim.o(.text)
    TIM_ETRConfig                            0x08002745   Thumb Code    24  stm32f0xx_tim.o(.text)
    TIM_ETRClockMode1Config                  0x0800275d   Thumb Code    48  stm32f0xx_tim.o(.text)
    TIM_ETRClockMode2Config                  0x0800278d   Thumb Code    34  stm32f0xx_tim.o(.text)
    TIM_SelectOutputTrigger                  0x080027af   Thumb Code    18  stm32f0xx_tim.o(.text)
    TIM_SelectSlaveMode                      0x080027c1   Thumb Code    18  stm32f0xx_tim.o(.text)
    TIM_SelectMasterSlaveMode                0x080027d3   Thumb Code    18  stm32f0xx_tim.o(.text)
    TIM_EncoderInterfaceConfig               0x080027e5   Thumb Code    60  stm32f0xx_tim.o(.text)
    TIM_SelectHallSensor                     0x08002821   Thumb Code    26  stm32f0xx_tim.o(.text)
    TIM_RemapConfig                          0x0800283b   Thumb Code     6  stm32f0xx_tim.o(.text)
    USART_DeInit                             0x08002849   Thumb Code    56  stm32f0xx_usart.o(.text)
    USART_Init                               0x08002881   Thumb Code   202  stm32f0xx_usart.o(.text)
    USART_StructInit                         0x0800294b   Thumb Code    24  stm32f0xx_usart.o(.text)
    USART_ClockInit                          0x08002963   Thumb Code    36  stm32f0xx_usart.o(.text)
    USART_ClockStructInit                    0x08002987   Thumb Code    12  stm32f0xx_usart.o(.text)
    USART_Cmd                                0x08002993   Thumb Code    24  stm32f0xx_usart.o(.text)
    USART_DirectionModeCmd                   0x080029ab   Thumb Code    20  stm32f0xx_usart.o(.text)
    USART_OverSampling8Cmd                   0x080029bf   Thumb Code    28  stm32f0xx_usart.o(.text)
    USART_OneBitMethodCmd                    0x080029db   Thumb Code    28  stm32f0xx_usart.o(.text)
    USART_MSBFirstCmd                        0x080029f7   Thumb Code    28  stm32f0xx_usart.o(.text)
    USART_DataInvCmd                         0x08002a13   Thumb Code    28  stm32f0xx_usart.o(.text)
    USART_InvPinCmd                          0x08002a2f   Thumb Code    20  stm32f0xx_usart.o(.text)
    USART_SWAPPinCmd                         0x08002a43   Thumb Code    28  stm32f0xx_usart.o(.text)
    USART_ReceiverTimeOutCmd                 0x08002a5f   Thumb Code    28  stm32f0xx_usart.o(.text)
    USART_SetReceiverTimeOut                 0x08002a7b   Thumb Code    16  stm32f0xx_usart.o(.text)
    USART_SetPrescaler                       0x08002a8b   Thumb Code    18  stm32f0xx_usart.o(.text)
    USART_STOPModeCmd                        0x08002a9d   Thumb Code    24  stm32f0xx_usart.o(.text)
    USART_StopModeWakeUpSourceConfig         0x08002ab5   Thumb Code    18  stm32f0xx_usart.o(.text)
    USART_AutoBaudRateCmd                    0x08002ac7   Thumb Code    28  stm32f0xx_usart.o(.text)
    USART_AutoBaudRateConfig                 0x08002ae3   Thumb Code    18  stm32f0xx_usart.o(.text)
    USART_SendData                           0x08002af5   Thumb Code     8  stm32f0xx_usart.o(.text)
    USART_ReceiveData                        0x08002afd   Thumb Code    10  stm32f0xx_usart.o(.text)
    USART_SetAddress                         0x08002b07   Thumb Code    18  stm32f0xx_usart.o(.text)
    USART_MuteModeCmd                        0x08002b19   Thumb Code    28  stm32f0xx_usart.o(.text)
    USART_MuteModeWakeUpConfig               0x08002b35   Thumb Code    18  stm32f0xx_usart.o(.text)
    USART_AddressDetectionConfig             0x08002b47   Thumb Code    16  stm32f0xx_usart.o(.text)
    USART_LINBreakDetectLengthConfig         0x08002b57   Thumb Code    16  stm32f0xx_usart.o(.text)
    USART_LINCmd                             0x08002b67   Thumb Code    28  stm32f0xx_usart.o(.text)
    USART_HalfDuplexCmd                      0x08002b83   Thumb Code    24  stm32f0xx_usart.o(.text)
    USART_SetGuardTime                       0x08002b9b   Thumb Code    16  stm32f0xx_usart.o(.text)
    USART_SmartCardCmd                       0x08002bab   Thumb Code    24  stm32f0xx_usart.o(.text)
    USART_SmartCardNACKCmd                   0x08002bc3   Thumb Code    24  stm32f0xx_usart.o(.text)
    USART_SetAutoRetryCount                  0x08002bdb   Thumb Code    20  stm32f0xx_usart.o(.text)
    USART_SetBlockLength                     0x08002bef   Thumb Code    18  stm32f0xx_usart.o(.text)
    USART_IrDAConfig                         0x08002c01   Thumb Code    16  stm32f0xx_usart.o(.text)
    USART_IrDACmd                            0x08002c11   Thumb Code    40  stm32f0xx_usart.o(.text)
    USART_DECmd                              0x08002c39   Thumb Code    28  stm32f0xx_usart.o(.text)
    USART_DEPolarityConfig                   0x08002c55   Thumb Code    18  stm32f0xx_usart.o(.text)
    USART_SetDEAssertionTime                 0x08002c67   Thumb Code    20  stm32f0xx_usart.o(.text)
    USART_SetDEDeassertionTime               0x08002c7b   Thumb Code    20  stm32f0xx_usart.o(.text)
    USART_DMACmd                             0x08002c8f   Thumb Code    20  stm32f0xx_usart.o(.text)
    USART_DMAReceptionErrorConfig            0x08002ca3   Thumb Code    18  stm32f0xx_usart.o(.text)
    USART_ITConfig                           0x08002cb5   Thumb Code    66  stm32f0xx_usart.o(.text)
    USART_RequestCmd                         0x08002cf7   Thumb Code    20  stm32f0xx_usart.o(.text)
    USART_OverrunDetectionConfig             0x08002d0b   Thumb Code    18  stm32f0xx_usart.o(.text)
    USART_GetFlagStatus                      0x08002d1d   Thumb Code    20  stm32f0xx_usart.o(.text)
    USART_ClearFlag                          0x08002d31   Thumb Code     4  stm32f0xx_usart.o(.text)
    USART_GetITStatus                        0x08002d35   Thumb Code    78  stm32f0xx_usart.o(.text)
    USART_ClearITPendingBit                  0x08002d83   Thumb Code    18  stm32f0xx_usart.o(.text)
    Reset_Handler                            0x08002d95   Thumb Code     8  startup_stm32f072xb.o(.text)
    NMI_Handler                              0x08002d9d   Thumb Code     2  startup_stm32f072xb.o(.text)
    HardFault_Handler                        0x08002d9f   Thumb Code     2  startup_stm32f072xb.o(.text)
    SVC_Handler                              0x08002da1   Thumb Code     2  startup_stm32f072xb.o(.text)
    PendSV_Handler                           0x08002da3   Thumb Code     2  startup_stm32f072xb.o(.text)
    SysTick_Handler                          0x08002da5   Thumb Code     2  startup_stm32f072xb.o(.text)
    ADC1_COMP_IRQHandler                     0x08002da7   Thumb Code     0  startup_stm32f072xb.o(.text)
    CEC_CAN_IRQHandler                       0x08002da7   Thumb Code     0  startup_stm32f072xb.o(.text)
    DMA1_Channel1_IRQHandler                 0x08002da7   Thumb Code     0  startup_stm32f072xb.o(.text)
    DMA1_Channel2_3_IRQHandler               0x08002da7   Thumb Code     0  startup_stm32f072xb.o(.text)
    DMA1_Channel4_5_6_7_IRQHandler           0x08002da7   Thumb Code     0  startup_stm32f072xb.o(.text)
    EXTI0_1_IRQHandler                       0x08002da7   Thumb Code     0  startup_stm32f072xb.o(.text)
    EXTI2_3_IRQHandler                       0x08002da7   Thumb Code     0  startup_stm32f072xb.o(.text)
    EXTI4_15_IRQHandler                      0x08002da7   Thumb Code     0  startup_stm32f072xb.o(.text)
    FLASH_IRQHandler                         0x08002da7   Thumb Code     0  startup_stm32f072xb.o(.text)
    I2C1_IRQHandler                          0x08002da7   Thumb Code     0  startup_stm32f072xb.o(.text)
    I2C2_IRQHandler                          0x08002da7   Thumb Code     0  startup_stm32f072xb.o(.text)
    PVD_VDDIO2_IRQHandler                    0x08002da7   Thumb Code     0  startup_stm32f072xb.o(.text)
    RCC_CRS_IRQHandler                       0x08002da7   Thumb Code     0  startup_stm32f072xb.o(.text)
    RTC_IRQHandler                           0x08002da7   Thumb Code     0  startup_stm32f072xb.o(.text)
    SPI1_IRQHandler                          0x08002da7   Thumb Code     0  startup_stm32f072xb.o(.text)
    SPI2_IRQHandler                          0x08002da7   Thumb Code     0  startup_stm32f072xb.o(.text)
    TIM14_IRQHandler                         0x08002da7   Thumb Code     0  startup_stm32f072xb.o(.text)
    TIM15_IRQHandler                         0x08002da7   Thumb Code     0  startup_stm32f072xb.o(.text)
    TIM16_IRQHandler                         0x08002da7   Thumb Code     0  startup_stm32f072xb.o(.text)
    TIM17_IRQHandler                         0x08002da7   Thumb Code     0  startup_stm32f072xb.o(.text)
    TIM1_BRK_UP_TRG_COM_IRQHandler           0x08002da7   Thumb Code     0  startup_stm32f072xb.o(.text)
    TIM1_CC_IRQHandler                       0x08002da7   Thumb Code     0  startup_stm32f072xb.o(.text)
    TIM2_IRQHandler                          0x08002da7   Thumb Code     0  startup_stm32f072xb.o(.text)
    TIM6_DAC_IRQHandler                      0x08002da7   Thumb Code     0  startup_stm32f072xb.o(.text)
    TIM7_IRQHandler                          0x08002da7   Thumb Code     0  startup_stm32f072xb.o(.text)
    TSC_IRQHandler                           0x08002da7   Thumb Code     0  startup_stm32f072xb.o(.text)
    USART1_IRQHandler                        0x08002da7   Thumb Code     0  startup_stm32f072xb.o(.text)
    USART3_4_IRQHandler                      0x08002da7   Thumb Code     0  startup_stm32f072xb.o(.text)
    USB_IRQHandler                           0x08002da7   Thumb Code     0  startup_stm32f072xb.o(.text)
    WWDG_IRQHandler                          0x08002da7   Thumb Code     0  startup_stm32f072xb.o(.text)
    __user_initial_stackheap                 0x08002da9   Thumb Code     0  startup_stm32f072xb.o(.text)
    SystemInit                               0x08002e4b   Thumb Code   110  system_stm32f0xx.o(.text)
    SystemCoreClockUpdate                    0x08002eb9   Thumb Code   154  system_stm32f0xx.o(.text)
    __2sprintf                               0x08002f75   Thumb Code    36  noretval__2sprintf.o(.text)
    __printf                                 0x08002f9d   Thumb Code   108  __printf.o(.text)
    _printf_int_dec                          0x08003009   Thumb Code    90  _printf_dec.o(.text)
    strcmp                                   0x08003075   Thumb Code   132  strcmp.o(.text)
    __aeabi_uidiv                            0x080030fd   Thumb Code     0  aeabi_sdiv.o(.text)
    __aeabi_uidivmod                         0x080030fd   Thumb Code    20  aeabi_sdiv.o(.text)
    __aeabi_idiv                             0x08003111   Thumb Code     0  aeabi_sdiv.o(.text)
    __aeabi_idivmod                          0x08003111   Thumb Code   326  aeabi_sdiv.o(.text)
    __use_two_region_memory                  0x08003257   Thumb Code     2  heapauxi.o(.text)
    __rt_heap_escrow$2region                 0x08003259   Thumb Code     2  heapauxi.o(.text)
    __rt_heap_expand$2region                 0x0800325b   Thumb Code     2  heapauxi.o(.text)
    _printf_int_common                       0x0800325d   Thumb Code   176  _printf_intcommon.o(.text)
    _printf_char_common                      0x08003317   Thumb Code    32  _printf_char_common.o(.text)
    _sputc                                   0x0800333d   Thumb Code    10  _sputc.o(.text)
    __rt_udiv10                              0x08003347   Thumb Code    40  rtudiv10.o(.text)
    __user_setup_stackheap                   0x0800336f   Thumb Code    62  sys_stackheap_outer.o(.text)
    exit                                     0x080033ad   Thumb Code    12  exit.o(.text)
    __user_libspace                          0x080033b9   Thumb Code     8  libspace.o(.text)
    __user_perproc_libspace                  0x080033b9   Thumb Code     0  libspace.o(.text)
    __user_perthread_libspace                0x080033b9   Thumb Code     0  libspace.o(.text)
    _sys_exit                                0x080033c1   Thumb Code     8  sys_exit.o(.text)
    __I$use$semihosting                      0x080033cd   Thumb Code     0  use_no_semi.o(.text)
    __use_no_semihosting_swi                 0x080033cd   Thumb Code     2  use_no_semi.o(.text)
    __semihosting_library_function           0x080033cf   Thumb Code     0  indicate_semi.o(.text)
    Region$$Table$$Base                      0x080033d0   Number         0  anon$$obj.o(Region$$Table)
    Region$$Table$$Limit                     0x080033f0   Number         0  anon$$obj.o(Region$$Table)
    Usart2IRQBuffer                          0x20000000   Data           4  main.o(.data)
    Tim3IRQBuffer                            0x20000004   Data           4  main.o(.data)
    EraseCounter                             0x20000008   Data           4  flash.o(.data)
    Address                                  0x2000000c   Data           4  flash.o(.data)
    NowAddress                               0x20000010   Data           4  flash.o(.data)
    Data                                     0x20000014   Data           4  flash.o(.data)
    NbrOfPage                                0x20000018   Data           4  flash.o(.data)
    FLASHStatus                              0x2000001c   Data           1  flash.o(.data)
    MemoryProgramStatus                      0x2000001d   Data           1  flash.o(.data)
    DataAddress                              0x20000020   Data           4  wav.o(.data)
    SystemCoreClock                          0x20000034   Data           4  system_stm32f0xx.o(.data)
    AHBPrescTable                            0x20000038   Data          16  system_stm32f0xx.o(.data)
    Nowwavheader                             0x20000048   Data          72  wav.o(.bss)
    __libspace_start                         0x20000090   Data          96  libspace.o(.bss)
    __temporary_stack_top$libspace           0x200000f0   Data           0  libspace.o(.bss)



==============================================================================

Memory Map of the image

  Image Entry point : 0x080000c1

  Load Region LR_IROM1 (Base: 0x08000000, Size: 0x00003438, Max: 0x00020000, ABSOLUTE)

    Execution Region ER_IROM1 (Base: 0x08000000, Size: 0x000033f0, Max: 0x00020000, ABSOLUTE)

    Base Addr    Size         Type   Attr      Idx    E Section Name        Object

    0x08000000   0x000000c0   Data   RO          565    RESET               startup_stm32f072xb.o
    0x080000c0   0x00000008   Code   RO          636  * !!!main             c_p.l(__main.o)
    0x080000c8   0x0000003c   Code   RO          815    !!!scatter          c_p.l(__scatter.o)
    0x08000104   0x0000001a   Code   RO          817    !!handler_copy      c_p.l(__scatter_copy.o)
    0x0800011e   0x00000002   PAD
    0x08000120   0x0000001c   Code   RO          819    !!handler_zi        c_p.l(__scatter_zi.o)
    0x0800013c   0x00000002   Code   RO          623    .ARM.Collect$$_printf_percent$$00000000  c_p.l(_printf_percent.o)
    0x0800013e   0x0000000a   Code   RO          622    .ARM.Collect$$_printf_percent$$00000009  c_p.l(_printf_d.o)
    0x08000148   0x00000004   Code   RO          649    .ARM.Collect$$_printf_percent$$00000017  c_p.l(_printf_percent_end.o)
    0x0800014c   0x00000002   Code   RO          685    .ARM.Collect$$libinit$$00000000  c_p.l(libinit.o)
    0x0800014e   0x00000000   Code   RO          699    .ARM.Collect$$libinit$$00000002  c_p.l(libinit2.o)
    0x0800014e   0x00000000   Code   RO          701    .ARM.Collect$$libinit$$00000004  c_p.l(libinit2.o)
    0x0800014e   0x00000000   Code   RO          704    .ARM.Collect$$libinit$$0000000A  c_p.l(libinit2.o)
    0x0800014e   0x00000000   Code   RO          706    .ARM.Collect$$libinit$$0000000C  c_p.l(libinit2.o)
    0x0800014e   0x00000000   Code   RO          708    .ARM.Collect$$libinit$$0000000E  c_p.l(libinit2.o)
    0x0800014e   0x00000000   Code   RO          711    .ARM.Collect$$libinit$$00000011  c_p.l(libinit2.o)
    0x0800014e   0x00000000   Code   RO          713    .ARM.Collect$$libinit$$00000013  c_p.l(libinit2.o)
    0x0800014e   0x00000000   Code   RO          715    .ARM.Collect$$libinit$$00000015  c_p.l(libinit2.o)
    0x0800014e   0x00000000   Code   RO          717    .ARM.Collect$$libinit$$00000017  c_p.l(libinit2.o)
    0x0800014e   0x00000000   Code   RO          719    .ARM.Collect$$libinit$$00000019  c_p.l(libinit2.o)
    0x0800014e   0x00000000   Code   RO          721    .ARM.Collect$$libinit$$0000001B  c_p.l(libinit2.o)
    0x0800014e   0x00000000   Code   RO          723    .ARM.Collect$$libinit$$0000001D  c_p.l(libinit2.o)
    0x0800014e   0x00000000   Code   RO          725    .ARM.Collect$$libinit$$0000001F  c_p.l(libinit2.o)
    0x0800014e   0x00000000   Code   RO          727    .ARM.Collect$$libinit$$00000021  c_p.l(libinit2.o)
    0x0800014e   0x00000000   Code   RO          729    .ARM.Collect$$libinit$$00000023  c_p.l(libinit2.o)
    0x0800014e   0x00000000   Code   RO          731    .ARM.Collect$$libinit$$00000025  c_p.l(libinit2.o)
    0x0800014e   0x00000000   Code   RO          735    .ARM.Collect$$libinit$$0000002C  c_p.l(libinit2.o)
    0x0800014e   0x00000000   Code   RO          737    .ARM.Collect$$libinit$$0000002E  c_p.l(libinit2.o)
    0x0800014e   0x00000000   Code   RO          739    .ARM.Collect$$libinit$$00000030  c_p.l(libinit2.o)
    0x0800014e   0x00000000   Code   RO          741    .ARM.Collect$$libinit$$00000032  c_p.l(libinit2.o)
    0x0800014e   0x00000002   Code   RO          742    .ARM.Collect$$libinit$$00000033  c_p.l(libinit2.o)
    0x08000150   0x00000002   Code   RO          773    .ARM.Collect$$libshutdown$$00000000  c_p.l(libshutdown.o)
    0x08000152   0x00000000   Code   RO          800    .ARM.Collect$$libshutdown$$00000003  c_p.l(libshutdown2.o)
    0x08000152   0x00000000   Code   RO          803    .ARM.Collect$$libshutdown$$00000006  c_p.l(libshutdown2.o)
    0x08000152   0x00000000   Code   RO          806    .ARM.Collect$$libshutdown$$00000009  c_p.l(libshutdown2.o)
    0x08000152   0x00000000   Code   RO          808    .ARM.Collect$$libshutdown$$0000000B  c_p.l(libshutdown2.o)
    0x08000152   0x00000000   Code   RO          811    .ARM.Collect$$libshutdown$$0000000E  c_p.l(libshutdown2.o)
    0x08000152   0x00000002   Code   RO          812    .ARM.Collect$$libshutdown$$0000000F  c_p.l(libshutdown2.o)
    0x08000154   0x00000000   Code   RO          638    .ARM.Collect$$rtentry$$00000000  c_p.l(__rtentry.o)
    0x08000154   0x00000000   Code   RO          653    .ARM.Collect$$rtentry$$00000002  c_p.l(__rtentry2.o)
    0x08000154   0x00000006   Code   RO          665    .ARM.Collect$$rtentry$$00000004  c_p.l(__rtentry4.o)
    0x0800015a   0x00000000   Code   RO          655    .ARM.Collect$$rtentry$$00000009  c_p.l(__rtentry2.o)
    0x0800015a   0x00000004   Code   RO          656    .ARM.Collect$$rtentry$$0000000A  c_p.l(__rtentry2.o)
    0x0800015e   0x00000000   Code   RO          658    .ARM.Collect$$rtentry$$0000000C  c_p.l(__rtentry2.o)
    0x0800015e   0x00000008   Code   RO          659    .ARM.Collect$$rtentry$$0000000D  c_p.l(__rtentry2.o)
    0x08000166   0x00000002   Code   RO          690    .ARM.Collect$$rtexit$$00000000  c_p.l(rtexit.o)
    0x08000168   0x00000000   Code   RO          746    .ARM.Collect$$rtexit$$00000002  c_p.l(rtexit2.o)
    0x08000168   0x00000004   Code   RO          747    .ARM.Collect$$rtexit$$00000003  c_p.l(rtexit2.o)
    0x0800016c   0x00000006   Code   RO          748    .ARM.Collect$$rtexit$$00000004  c_p.l(rtexit2.o)
    0x08000172   0x00000002   PAD
    0x08000174   0x00000038   Code   RO          624    .emb_text           c_p.l(rt_memcpy.o)
    0x080001ac   0x000000a4   Code   RO            2    .text               main.o
    0x08000250   0x000000dc   Code   RO          131    .text               usart1.o
    0x0800032c   0x0000007a   Code   RO          150    .text               dac1.o
    0x080003a6   0x00000002   PAD
    0x080003a8   0x000002e4   Code   RO          166    .text               flash.o
    0x0800068c   0x000005f0   Code   RO          186    .text               wav.o
    0x08000c7c   0x0000017c   Code   RO          270    .text               stm32f0xx_dac.o
    0x08000df8   0x000005e8   Code   RO          334    .text               stm32f0xx_flash.o
    0x080013e0   0x000001f0   Code   RO          350    .text               stm32f0xx_gpio.o
    0x080015d0   0x000000b4   Code   RO          398    .text               stm32f0xx_misc.o
    0x08001684   0x000005f8   Code   RO          430    .text               stm32f0xx_rcc.o
    0x08001c7c   0x00000bcc   Code   RO          496    .text               stm32f0xx_tim.o
    0x08002848   0x0000054c   Code   RO          512    .text               stm32f0xx_usart.o
    0x08002d94   0x00000038   Code   RO          566    .text               startup_stm32f072xb.o
    0x08002dcc   0x000001a8   Code   RO          571    .text               system_stm32f0xx.o
    0x08002f74   0x00000028   Code   RO          596    .text               c_p.l(noretval__2sprintf.o)
    0x08002f9c   0x0000006c   Code   RO          598    .text               c_p.l(__printf.o)
    0x08003008   0x0000006c   Code   RO          600    .text               c_p.l(_printf_dec.o)
    0x08003074   0x00000088   Code   RO          628    .text               c_p.l(strcmp.o)
    0x080030fc   0x0000015a   Code   RO          630    .text               c_p.l(aeabi_sdiv.o)
    0x08003256   0x00000006   Code   RO          634    .text               c_p.l(heapauxi.o)
    0x0800325c   0x000000b0   Code   RO          643    .text               c_p.l(_printf_intcommon.o)
    0x0800330c   0x00000030   Code   RO          645    .text               c_p.l(_printf_char_common.o)
    0x0800333c   0x0000000a   Code   RO          647    .text               c_p.l(_sputc.o)
    0x08003346   0x00000028   Code   RO          650    .text               c_p.l(rtudiv10.o)
    0x0800336e   0x0000003e   Code   RO          671    .text               c_p.l(sys_stackheap_outer.o)
    0x080033ac   0x0000000c   Code   RO          674    .text               c_p.l(exit.o)
    0x080033b8   0x00000008   Code   RO          686    .text               c_p.l(libspace.o)
    0x080033c0   0x0000000c   Code   RO          743    .text               c_p.l(sys_exit.o)
    0x080033cc   0x00000002   Code   RO          762    .text               c_p.l(use_no_semi.o)
    0x080033ce   0x00000000   Code   RO          764    .text               c_p.l(indicate_semi.o)
    0x080033ce   0x00000002   PAD
    0x080033d0   0x00000020   Data   RO          813    Region$$Table       anon$$obj.o


    Execution Region RW_IRAM1 (Base: 0x20000000, Size: 0x000006f0, Max: 0x00004000, ABSOLUTE)

    Base Addr    Size         Type   Attr      Idx    E Section Name        Object

    0x20000000   0x00000008   Data   RW            3    .data               main.o
    0x20000008   0x00000016   Data   RW          168    .data               flash.o
    0x2000001e   0x00000002   PAD
    0x20000020   0x00000004   Data   RW          188    .data               wav.o
    0x20000024   0x00000010   Data   RW          431    .data               stm32f0xx_rcc.o
    0x20000034   0x00000014   Data   RW          572    .data               system_stm32f0xx.o
    0x20000048   0x00000048   Zero   RW          187    .bss                wav.o
    0x20000090   0x00000060   Zero   RW          687    .bss                c_p.l(libspace.o)
    0x200000f0   0x00000200   Zero   RW          564    HEAP                startup_stm32f072xb.o
    0x200002f0   0x00000400   Zero   RW          563    STACK               startup_stm32f072xb.o


==============================================================================

Image component sizes


      Code (inc. data)   RO Data    RW Data    ZI Data      Debug   Object Name

       122          0          0          0          0        636   dac1.o
       740        134          0         22          0       4555   flash.o
       164         54          0          8          0     140801   main.o
        56         26        192          0       1536        708   startup_stm32f072xb.o
       380          4          0          0          0       3869   stm32f0xx_dac.o
      1512         30          0          0          0       7156   stm32f0xx_flash.o
       496         22          0          0          0       3889   stm32f0xx_gpio.o
       180         14          0          0          0       1576   stm32f0xx_misc.o
      1528         42          0         16          0       8786   stm32f0xx_rcc.o
      3020        118          0          0          0      22489   stm32f0xx_tim.o
      1356         16          0          0          0      12022   stm32f0xx_usart.o
       424         34          0         20          0       1883   system_stm32f0xx.o
       220         10          0          0          0       1349   usart1.o
      1520        390          0          4         72       3310   wav.o

    ----------------------------------------------------------------------
     11720        894        224         72       1608     213029   Object Totals
         0          0         32          0          0          0   (incl. Generated)
         2          0          0          2          0          0   (incl. Padding)

    ----------------------------------------------------------------------

      Code (inc. data)   RO Data    RW Data    ZI Data      Debug   Library Member Name

         8          0          0          0          0         68   __main.o
       108          0          0          0          0         76   __printf.o
         0          0          0          0          0          0   __rtentry.o
        12          0          0          0          0          0   __rtentry2.o
         6          0          0          0          0          0   __rtentry4.o
        60          8          0          0          0          0   __scatter.o
        26          0          0          0          0          0   __scatter_copy.o
        28          0          0          0          0          0   __scatter_zi.o
        48          6          0          0          0         88   _printf_char_common.o
        10          0          0          0          0          0   _printf_d.o
       108         18          0          0          0         76   _printf_dec.o
       176          0          0          0          0         84   _printf_intcommon.o
         2          0          0          0          0          0   _printf_percent.o
         4          0          0          0          0          0   _printf_percent_end.o
        10          0          0          0          0         60   _sputc.o
       346          0          0          0          0         92   aeabi_sdiv.o
        12          0          0          0          0         64   exit.o
         6          0          0          0          0        136   heapauxi.o
         0          0          0          0          0          0   indicate_semi.o
         2          0          0          0          0          0   libinit.o
         2          0          0          0          0          0   libinit2.o
         2          0          0          0          0          0   libshutdown.o
         2          0          0          0          0          0   libshutdown2.o
         8          4          0          0         96         68   libspace.o
        40          4          0          0          0         84   noretval__2sprintf.o
        56          0          0          0          0         68   rt_memcpy.o
         2          0          0          0          0          0   rtexit.o
        10          0          0          0          0          0   rtexit2.o
        40          0          0          0          0         60   rtudiv10.o
       136          4          0          0          0         72   strcmp.o
        12          4          0          0          0         60   sys_exit.o
        62          0          0          0          0         80   sys_stackheap_outer.o
         2          0          0          0          0         68   use_no_semi.o

    ----------------------------------------------------------------------
      1352         48          0          0         96       1304   Library Totals
         6          0          0          0          0          0   (incl. Padding)

    ----------------------------------------------------------------------

      Code (inc. data)   RO Data    RW Data    ZI Data      Debug   Library Name

      1346         48          0          0         96       1304   c_p.l

    ----------------------------------------------------------------------
      1352         48          0          0         96       1304   Library Totals

    ----------------------------------------------------------------------

==============================================================================


      Code (inc. data)   RO Data    RW Data    ZI Data      Debug   

     13072        942        224         72       1704     212773   Grand Totals
     13072        942        224         72       1704     212773   ELF Image Totals
     13072        942        224         72          0          0   ROM Totals

==============================================================================

    Total RO  Size (Code + RO Data)                13296 (  12.98kB)
    Total RW  Size (RW Data + ZI Data)              1776 (   1.73kB)
    Total ROM Size (Code + RO Data + RW Data)      13368 (  13.05kB)

==============================================================================

