<html>
<body>
<pre>
<h1>µVision Build Log</h1>
<h2>Project:</h2>
C:\Users\TungDM\Desktop\Mini-STM32 WAVE Audio Player\src_CoOS_FFT\WAV_Player_MiniSTM32.uvproj
Project File Date:  06/01/2010

<h2>Output:</h2>
Build target 'WAV_Player_MiniSTM32'
compiling main.c...
compiling pwm_audio.c...
compiling stm32f10x_it.c...
compiling wave_file.c...
compiling pff.c...
compiling sd_mmc.c...
compiling core.c...
compiling event.c...
compiling flag.c...
compiling hook.c...
compiling kernelHeap.c...
compiling mbox.c...
compiling mm.c...
compiling mutex.c...
compiling queue.c...
compiling sem.c...
compiling serviceReq.c...
compiling task.c...
compiling time.c...
compiling timer.c...
compiling utility.c...
compiling arch.c...
compiling port.c...
assembling Ek_FFT128Real_32b.s...
FFT\Ek_FFT128Real_32b.s(43): warning: A1479W: Requested alignment 8 is greater than area alignment 4, which has been increased
assembling Ek_Magnitude.s...
FFT\Ek_Magnitude.s(124): warning: A1479W: Requested alignment 8 is greater than area alignment 4, which has been increased
assembling Ek_Window16to32b_real.s...
FFT\Ek_Window16to32b_real.s(127): warning: A1479W: Requested alignment 8 is greater than area alignment 4, which has been increased
compiling ministm32_lcd.c...
compiling ministm32_pwm.c...
compiling ministm32_spi.c...
compiling ministm32_led.c...
compiling ministm32_pb.c...
compiling core_cm3.c...
compiling system_stm32f10x.c...
assembling startup_stm32f10x_md.s...
compiling misc.c...
compiling stm32f10x_exti.c...
compiling stm32f10x_flash.c...
compiling stm32f10x_gpio.c...
compiling stm32f10x_rcc.c...
compiling stm32f10x_spi.c...
compiling stm32f10x_tim.c...
linking...
Program Size: Code=29058 RO-data=1806 RW-data=148 ZI-data=6764  
FromELF: creating hex file...
".\Obj\WAV_Player_MiniSTM32.axf" - 0 Error(s), 3 Warning(s).
Clean started: Project: 'WAV_Player_MiniSTM32'
   deleting intermediate output files for target 'WAV_Player_MiniSTM32'
